Archive member included to satisfy reference by file (symbol)

/usr/local/gcc-arm-none-eabi-8-2018-q4-major/bin/../lib/gcc/arm-none-eabi/8.2.1/thumb/v6-m/nofp/libgcc.a(_udivsi3.o)
                              /tmp/ccLaug5V.o (__aeabi_uidiv)
/usr/local/gcc-arm-none-eabi-8-2018-q4-major/bin/../lib/gcc/arm-none-eabi/8.2.1/thumb/v6-m/nofp/libgcc.a(_divsi3.o)
                              /tmp/ccBqXqgq.o (__aeabi_idiv)
/usr/local/gcc-arm-none-eabi-8-2018-q4-major/bin/../lib/gcc/arm-none-eabi/8.2.1/thumb/v6-m/nofp/libgcc.a(_dvmd_tls.o)
                              /usr/local/gcc-arm-none-eabi-8-2018-q4-major/bin/../lib/gcc/arm-none-eabi/8.2.1/thumb/v6-m/nofp/libgcc.a(_udivsi3.o) (__aeabi_idiv0)

Memory Configuration

Name             Origin             Length             Attributes
flash            0x0000000008000000 0x0000000000004000
ram              0x0000000020000000 0x0000000000001000
*default*        0x0000000000000000 0xffffffffffffffff

Linker script and memory map

LOAD /tmp/ccJryOk4.o
LOAD /tmp/ccL9Bdyu.o
LOAD /tmp/ccLaug5V.o
LOAD /tmp/ccRE3W3n.o
LOAD /tmp/ccDDm0HQ.o
LOAD /tmp/ccEZmxqk.o
LOAD /tmp/ccYCkDrO.o
LOAD /tmp/ccnUq5wk.o
LOAD /tmp/ccTuhUaS.o
LOAD /tmp/ccBqXqgq.o
LOAD /tmp/ccgPg3KY.o
LOAD /tmp/cczElbMx.o
LOAD /tmp/cczYRtv7.o
LOAD /tmp/ccs66iGH.o
START GROUP
LOAD /usr/local/gcc-arm-none-eabi-8-2018-q4-major/bin/../lib/gcc/arm-none-eabi/8.2.1/thumb/v6-m/nofp/libgcc.a
LOAD /usr/local/gcc-arm-none-eabi-8-2018-q4-major/bin/../lib/gcc/arm-none-eabi/8.2.1/../../../../arm-none-eabi/lib/thumb/v6-m/nofp/libg.a
LOAD /usr/local/gcc-arm-none-eabi-8-2018-q4-major/bin/../lib/gcc/arm-none-eabi/8.2.1/../../../../arm-none-eabi/lib/thumb/v6-m/nofp/libc.a
END GROUP
                0x0000000008000000                . = ORIGIN (flash)

.text           0x0000000008000000     0x36f8
 *(.vectors)
 .vectors       0x0000000008000000       0xb4 /tmp/ccYCkDrO.o
 *(.text)
 .text          0x00000000080000b4      0x504 /tmp/ccJryOk4.o
                0x00000000080000b4                Brici(brick*, unsigned short, unsigned short, unsigned short)
                0x0000000008000508                ClassicBrici()
 .text          0x00000000080005b8       0xbc /tmp/ccL9Bdyu.o
                0x00000000080005b8                brick::show()
                0x00000000080005dc                brick::hide()
                0x0000000008000604                brick::brick(unsigned short, unsigned short, unsigned short, unsigned short, unsigned short)
                0x0000000008000604                brick::brick(unsigned short, unsigned short, unsigned short, unsigned short, unsigned short)
                0x000000000800063c                brick::brick()
                0x000000000800063c                brick::brick()
                0x0000000008000658                brick::define(unsigned short, unsigned short, unsigned short, unsigned short, unsigned short)
 .text          0x0000000008000674      0x594 /tmp/ccLaug5V.o
                0x0000000008000674                console::fillRectangle(unsigned short, unsigned short, unsigned short, unsigned short, unsigned short)
                0x000000000800068a                console::drawCircle(unsigned short, unsigned short, unsigned short, unsigned short)
                0x00000000080007c8                console::drawLineLowSlope(unsigned short, unsigned short, unsigned short, unsigned short, unsigned short)
                0x0000000008000824                console::drawLineHighSlope(unsigned short, unsigned short, unsigned short, unsigned short, unsigned short)
                0x0000000008000880                console::drawLine(unsigned short, unsigned short, unsigned short, unsigned short, unsigned short)
                0x00000000080008ce                console::drawRectangle(unsigned short, unsigned short, unsigned short, unsigned short, unsigned short)
                0x0000000008000932                console::fillCircle(unsigned short, unsigned short, unsigned short, unsigned short)
                0x0000000008000a20                console::putPixel(unsigned short, unsigned short, unsigned short)
                0x0000000008000a2a                console::putImage(unsigned short, unsigned short, unsigned short, unsigned short, unsigned short const*)
                0x0000000008000a3e                console::print(char const*, unsigned short, unsigned short, unsigned short, unsigned short, unsigned short)
                0x0000000008000acc                console::print(unsigned short, unsigned short, unsigned short, unsigned short, unsigned short)
                0x0000000008000b5c                console::prbs()
                0x0000000008000b84                console::random(unsigned long, unsigned long)
                0x0000000008000b98                console::random_seed()
                0x0000000008000bc6                console::begin()
 .text          0x0000000008000c08      0x130 /tmp/ccRE3W3n.o
                0x0000000008000c08                controller::begin()
                0x0000000008000cac                controller::stopADC()
                0x0000000008000cd0                controller::getButtonState()
                0x0000000008000d14                controller::readTemperature()
 .text          0x0000000008000d38      0x2b4 /tmp/ccDDm0HQ.o
                0x0000000008000d38                display::RSLow()
                0x0000000008000d48                display::RSHigh()
                0x0000000008000d58                display::RSTLow()
                0x0000000008000d66                display::RSTHigh()
                0x0000000008000d74                display::writeCommand(unsigned char)
                0x0000000008000d84                display::writeData8(unsigned char)
                0x0000000008000d94                display::openAperture(unsigned short, unsigned short, unsigned short, unsigned short)
                0x0000000008000e00                display::writeData16(unsigned short)
                0x0000000008000e10                display::putPixel(unsigned short, unsigned short, unsigned short)
                0x0000000008000e30                display::putImage(unsigned short, unsigned short, unsigned short, unsigned short, unsigned short const*)
                0x0000000008000e86                display::fillRectangle(unsigned short, unsigned short, unsigned short, unsigned short, unsigned short)
                0x0000000008000ed6                display::begin(timer*)
 .text          0x0000000008000fec      0x3a0 /tmp/ccEZmxqk.o
                0x0000000008000fec                ibc::getPacket(unsigned char, unsigned char*)
                0x0000000008000ff0                ibc::getCHK(unsigned char, unsigned char*)
                0x0000000008001004                ibc::validatePacket(unsigned char, unsigned char*)
                0x0000000008001008                ibc::assertLineBusy()
                0x0000000008001024                ibc::deassertLineBusy()
                0x0000000008001038                ibc::lineIsFree()
                0x0000000008001044                ibc::OnLineBecomesBusy()
                0x0000000008001056                ibc::sendNAK()
                0x000000000800109c                ibc::OnLineBecomesFree()
                0x000000000800112c                ibc::sendPacket(unsigned char, unsigned char, unsigned char, unsigned char*)
                0x0000000008001180                ibc::announce()
                0x000000000800122c                ibc::begin(timer*)
                0x0000000008001314                ibc::handle_rxdata()
                0x0000000008001344                USART1_Handler()
                0x0000000008001360                Line_State_Handler()
 .text          0x000000000800138c      0x1a4 /tmp/ccYCkDrO.o
                0x000000000800138c                initClock()
                0x0000000008001430                init_array()
                0x00000000080014a0                init()
                0x0000000008001528                Default_Handler()
 .text          0x0000000008001530      0x838 /tmp/ccnUq5wk.o
                0x0000000008001530                FirePressed()
                0x0000000008001558                Explode(unsigned short, unsigned short)
                0x00000000080015bc                playInvaders(unsigned short)
 .text          0x0000000008001d68      0x3c8 /tmp/ccTuhUaS.o
                0x0000000008001d68                setup()
                0x0000000008001da0                initADC()
                0x0000000008001de4                debugScreen()
                0x0000000008001eb0                DrawLogo(unsigned long)
 .text          0x0000000008002130      0x12c /tmp/ccBqXqgq.o
                0x0000000008002130                sound::begin()
                0x000000000800216c                sound::playTone(unsigned short, unsigned short)
                0x00000000080021e8                sound::stopTone()
                0x0000000008002208                sound::SoundPlaying()
                0x0000000008002210                sound::playMelody(unsigned short const*, unsigned short const*, int)
                0x000000000800223a                sound::ms_callback()
 .text          0x000000000800225c       0xe4 /tmp/ccgPg3KY.o
                0x000000000800225c                transferSPI8(unsigned char)
                0x0000000008002294                initSPI()
                0x0000000008002308                transferSPI16(unsigned short)
 .text          0x0000000008002340      0x148 /tmp/cczElbMx.o
                0x0000000008002340                sprite::show()
                0x0000000008002368                sprite::hide()
                0x0000000008002390                sprite::sprite(unsigned short const*, unsigned short, unsigned short, unsigned short, unsigned short)
                0x0000000008002390                sprite::sprite(unsigned short const*, unsigned short, unsigned short, unsigned short, unsigned short)
                0x00000000080023b4                sprite::sprite()
                0x00000000080023b4                sprite::sprite()
                0x00000000080023c4                sprite::redraw()
                0x00000000080023d4                sprite::move(unsigned short, unsigned short)
                0x00000000080023fc                sprite::within(unsigned short, unsigned short)
                0x000000000800242c                sprite::touching(unsigned short, unsigned short)
 .text          0x0000000008002488      0x244 /tmp/cczYRtv7.o
                0x0000000008002488                Tennis()
 .text          0x00000000080026cc       0xb4 /tmp/ccs66iGH.o
                0x00000000080026cc                timer::begin()
                0x0000000008002704                timer::attach(void (*)())
                0x0000000008002722                timer::detach(void (*)())
                0x0000000008002742                timer::sleep(unsigned long)
                0x000000000800275c                Systick_Handler()
 .text          0x0000000008002780      0x114 /usr/local/gcc-arm-none-eabi-8-2018-q4-major/bin/../lib/gcc/arm-none-eabi/8.2.1/thumb/v6-m/nofp/libgcc.a(_udivsi3.o)
                0x0000000008002780                __udivsi3
                0x0000000008002780                __aeabi_uidiv
                0x000000000800288c                __aeabi_uidivmod
 .text          0x0000000008002894      0x1d4 /usr/local/gcc-arm-none-eabi-8-2018-q4-major/bin/../lib/gcc/arm-none-eabi/8.2.1/thumb/v6-m/nofp/libgcc.a(_divsi3.o)
                0x0000000008002894                __aeabi_idiv
                0x0000000008002894                __divsi3
                0x0000000008002a60                __aeabi_idivmod
 .text          0x0000000008002a68        0x4 /usr/local/gcc-arm-none-eabi-8-2018-q4-major/bin/../lib/gcc/arm-none-eabi/8.2.1/thumb/v6-m/nofp/libgcc.a(_dvmd_tls.o)
                0x0000000008002a68                __aeabi_ldiv0
                0x0000000008002a68                __aeabi_idiv0
                0x0000000008002a6c                . = ALIGN (0x4)
                0x0000000008002a6c                PROVIDE (__preinit_array_start = .)
 *(.preinit_array)
                0x0000000008002a6c                PROVIDE (__preinit_array_end = .)
                0x0000000008002a6c                . = ALIGN (0x4)
                0x0000000008002a6c                PROVIDE (__init_array_start = .)
 *(SORT_BY_NAME(.init_array.*))
 *(.init_array)
                0x0000000008002a6c                PROVIDE (__init_array_end = .)
                0x0000000008002a6c                . = ALIGN (0x4)
                [!provide]                        PROVIDE (__fini_array_start = .)
 *(SORT_BY_NAME(.fini_array.*))
 *(.fini_array)
                [!provide]                        PROVIDE (__fini_array_end = .)
 *(.rodata)
 .rodata        0x0000000008002a6c       0x10 /tmp/ccL9Bdyu.o
                0x0000000008002a6c                vtable for brick
 .rodata        0x0000000008002a7c      0x1e0 /tmp/ccLaug5V.o
 .rodata        0x0000000008002c5c      0x2f8 /tmp/ccnUq5wk.o
 .rodata        0x0000000008002f54      0x45a /tmp/ccTuhUaS.o
 *fill*         0x00000000080033ae        0x2 
 .rodata        0x00000000080033b0       0x10 /tmp/cczElbMx.o
                0x00000000080033b0                vtable for sprite
 *(.comment)
 .comment       0x00000000080033c0       0x75 /tmp/ccJryOk4.o
                                         0x76 (size before relaxing)
 .comment       0x0000000008003435       0x76 /tmp/ccL9Bdyu.o
 .comment       0x0000000008003435       0x76 /tmp/ccLaug5V.o
 .comment       0x0000000008003435       0x76 /tmp/ccRE3W3n.o
 .comment       0x0000000008003435       0x76 /tmp/ccDDm0HQ.o
 .comment       0x0000000008003435       0x76 /tmp/ccEZmxqk.o
 .comment       0x0000000008003435       0x76 /tmp/ccYCkDrO.o
 .comment       0x0000000008003435       0x76 /tmp/ccnUq5wk.o
 .comment       0x0000000008003435       0x76 /tmp/ccTuhUaS.o
 .comment       0x0000000008003435       0x76 /tmp/ccBqXqgq.o
 .comment       0x0000000008003435       0x76 /tmp/ccgPg3KY.o
 .comment       0x0000000008003435       0x76 /tmp/cczElbMx.o
 .comment       0x0000000008003435       0x76 /tmp/cczYRtv7.o
 .comment       0x0000000008003435       0x76 /tmp/ccs66iGH.o
 *(.ARM.attributes)
 .ARM.attributes
                0x0000000008003435       0x2c /tmp/ccJryOk4.o
 .ARM.attributes
                0x0000000008003461       0x2c /tmp/ccL9Bdyu.o
 .ARM.attributes
                0x000000000800348d       0x2c /tmp/ccLaug5V.o
 .ARM.attributes
                0x00000000080034b9       0x2c /tmp/ccRE3W3n.o
 .ARM.attributes
                0x00000000080034e5       0x2c /tmp/ccDDm0HQ.o
 .ARM.attributes
                0x0000000008003511       0x2c /tmp/ccEZmxqk.o
 .ARM.attributes
                0x000000000800353d       0x2c /tmp/ccYCkDrO.o
 .ARM.attributes
                0x0000000008003569       0x2c /tmp/ccnUq5wk.o
 .ARM.attributes
                0x0000000008003595       0x2c /tmp/ccTuhUaS.o
 .ARM.attributes
                0x00000000080035c1       0x2c /tmp/ccBqXqgq.o
 .ARM.attributes
                0x00000000080035ed       0x2c /tmp/ccgPg3KY.o
 .ARM.attributes
                0x0000000008003619       0x2c /tmp/cczElbMx.o
 .ARM.attributes
                0x0000000008003645       0x2c /tmp/cczYRtv7.o
 .ARM.attributes
                0x0000000008003671       0x2c /tmp/ccs66iGH.o
 .ARM.attributes
                0x000000000800369d       0x1e /usr/local/gcc-arm-none-eabi-8-2018-q4-major/bin/../lib/gcc/arm-none-eabi/8.2.1/thumb/v6-m/nofp/libgcc.a(_udivsi3.o)
 .ARM.attributes
                0x00000000080036bb       0x1e /usr/local/gcc-arm-none-eabi-8-2018-q4-major/bin/../lib/gcc/arm-none-eabi/8.2.1/thumb/v6-m/nofp/libgcc.a(_divsi3.o)
 .ARM.attributes
                0x00000000080036d9       0x1e /usr/local/gcc-arm-none-eabi-8-2018-q4-major/bin/../lib/gcc/arm-none-eabi/8.2.1/thumb/v6-m/nofp/libgcc.a(_dvmd_tls.o)
                0x00000000080036f8                . = ALIGN (0x4)
 *fill*         0x00000000080036f7        0x1 

.rodata.str1.1  0x00000000080036f8      0x108
 .rodata.str1.1
                0x00000000080036f8       0x20 /tmp/ccJryOk4.o
 .rodata.str1.1
                0x0000000008003718       0x41 /tmp/ccnUq5wk.o
                                         0x61 (size before relaxing)
 .rodata.str1.1
                0x0000000008003759       0x5a /tmp/ccTuhUaS.o
 .rodata.str1.1
                0x00000000080037b3       0x4d /tmp/cczYRtv7.o

.glue_7         0x0000000008003800        0x0
 .glue_7        0x0000000008003800        0x0 linker stubs

.glue_7t        0x0000000008003800        0x0
 .glue_7t       0x0000000008003800        0x0 linker stubs

.vfp11_veneer   0x0000000008003800        0x0
 .vfp11_veneer  0x0000000008003800        0x0 linker stubs

.v4_bx          0x0000000008003800        0x0
 .v4_bx         0x0000000008003800        0x0 linker stubs

.iplt           0x0000000008003800        0x0
 .iplt          0x0000000008003800        0x0 /tmp/ccJryOk4.o

.text.startup   0x0000000008003800      0x118
 .text.startup  0x0000000008003800      0x118 /tmp/ccTuhUaS.o
                0x0000000008003800                main

.rel.dyn        0x0000000008003918        0x0
 .rel.iplt      0x0000000008003918        0x0 /tmp/ccJryOk4.o
                0x0000000020000000                . = ORIGIN (ram)

.data           0x0000000020000000        0x0 load address 0x0000000008003918
                0x0000000008003918                INIT_DATA_VALUES = LOADADDR (.data)
                0x0000000020000000                INIT_DATA_START = .
 *(.data)
 .data          0x0000000020000000        0x0 /tmp/ccJryOk4.o
 .data          0x0000000020000000        0x0 /tmp/ccL9Bdyu.o
 .data          0x0000000020000000        0x0 /tmp/ccLaug5V.o
 .data          0x0000000020000000        0x0 /tmp/ccRE3W3n.o
 .data          0x0000000020000000        0x0 /tmp/ccDDm0HQ.o
 .data          0x0000000020000000        0x0 /tmp/ccEZmxqk.o
 .data          0x0000000020000000        0x0 /tmp/ccYCkDrO.o
 .data          0x0000000020000000        0x0 /tmp/ccnUq5wk.o
 .data          0x0000000020000000        0x0 /tmp/ccTuhUaS.o
 .data          0x0000000020000000        0x0 /tmp/ccBqXqgq.o
 .data          0x0000000020000000        0x0 /tmp/ccgPg3KY.o
 .data          0x0000000020000000        0x0 /tmp/cczElbMx.o
 .data          0x0000000020000000        0x0 /tmp/cczYRtv7.o
 .data          0x0000000020000000        0x0 /tmp/ccs66iGH.o
 .data          0x0000000020000000        0x0 /usr/local/gcc-arm-none-eabi-8-2018-q4-major/bin/../lib/gcc/arm-none-eabi/8.2.1/thumb/v6-m/nofp/libgcc.a(_udivsi3.o)
 .data          0x0000000020000000        0x0 /usr/local/gcc-arm-none-eabi-8-2018-q4-major/bin/../lib/gcc/arm-none-eabi/8.2.1/thumb/v6-m/nofp/libgcc.a(_divsi3.o)
 .data          0x0000000020000000        0x0 /usr/local/gcc-arm-none-eabi-8-2018-q4-major/bin/../lib/gcc/arm-none-eabi/8.2.1/thumb/v6-m/nofp/libgcc.a(_dvmd_tls.o)
                0x0000000020000000                INIT_DATA_END = .
                0x0000000020000000                . = ALIGN (0x4)
                0x0000000020000000                BSS_START = .

.igot.plt       0x0000000020000000        0x0 load address 0x0000000008003918
 .igot.plt      0x0000000020000000        0x0 /tmp/ccJryOk4.o

.bss            0x0000000020000000       0x88 load address 0x0000000008003918
 *(.bss)
 .bss           0x0000000020000000        0x0 /tmp/ccJryOk4.o
 .bss           0x0000000020000000        0x0 /tmp/ccL9Bdyu.o
 .bss           0x0000000020000000       0x74 /tmp/ccLaug5V.o
                0x0000000020000004                Console
 .bss           0x0000000020000074        0x0 /tmp/ccRE3W3n.o
 .bss           0x0000000020000074        0x0 /tmp/ccDDm0HQ.o
 .bss           0x0000000020000074        0x4 /tmp/ccEZmxqk.o
 .bss           0x0000000020000078        0x0 /tmp/ccYCkDrO.o
 .bss           0x0000000020000078        0x4 /tmp/ccnUq5wk.o
 .bss           0x000000002000007c        0x0 /tmp/ccTuhUaS.o
 .bss           0x000000002000007c        0x4 /tmp/ccBqXqgq.o
 .bss           0x0000000020000080        0x0 /tmp/ccgPg3KY.o
 .bss           0x0000000020000080        0x0 /tmp/cczElbMx.o
 .bss           0x0000000020000080        0x0 /tmp/cczYRtv7.o
 .bss           0x0000000020000080        0x8 /tmp/ccs66iGH.o
 .bss           0x0000000020000088        0x0 /usr/local/gcc-arm-none-eabi-8-2018-q4-major/bin/../lib/gcc/arm-none-eabi/8.2.1/thumb/v6-m/nofp/libgcc.a(_udivsi3.o)
 .bss           0x0000000020000088        0x0 /usr/local/gcc-arm-none-eabi-8-2018-q4-major/bin/../lib/gcc/arm-none-eabi/8.2.1/thumb/v6-m/nofp/libgcc.a(_divsi3.o)
 .bss           0x0000000020000088        0x0 /usr/local/gcc-arm-none-eabi-8-2018-q4-major/bin/../lib/gcc/arm-none-eabi/8.2.1/thumb/v6-m/nofp/libgcc.a(_dvmd_tls.o)
                0x0000000020000088                . = ALIGN (0x4)
                0x0000000020000088                BSS_END = .
OUTPUT(main.elf elf32-littlearm)

.debug_info     0x0000000000000000     0xd568
 .debug_info    0x0000000000000000     0x162f /tmp/ccJryOk4.o
 .debug_info    0x000000000000162f      0xf97 /tmp/ccL9Bdyu.o
 .debug_info    0x00000000000025c6     0x1c9d /tmp/ccLaug5V.o
 .debug_info    0x0000000000004263      0x59f /tmp/ccRE3W3n.o
 .debug_info    0x0000000000004802      0xdfb /tmp/ccDDm0HQ.o
 .debug_info    0x00000000000055fd      0xdf5 /tmp/ccEZmxqk.o
 .debug_info    0x00000000000063f2      0x3a6 /tmp/ccYCkDrO.o
 .debug_info    0x0000000000006798     0x1f8a /tmp/ccnUq5wk.o
 .debug_info    0x0000000000008722     0x1ce1 /tmp/ccTuhUaS.o
 .debug_info    0x000000000000a403      0x7cb /tmp/ccBqXqgq.o
 .debug_info    0x000000000000abce      0x3da /tmp/ccgPg3KY.o
 .debug_info    0x000000000000afa8     0x10e2 /tmp/cczElbMx.o
 .debug_info    0x000000000000c08a     0x11ab /tmp/cczYRtv7.o
 .debug_info    0x000000000000d235      0x333 /tmp/ccs66iGH.o

.debug_abbrev   0x0000000000000000     0x27ec
 .debug_abbrev  0x0000000000000000      0x35c /tmp/ccJryOk4.o
 .debug_abbrev  0x000000000000035c      0x347 /tmp/ccL9Bdyu.o
 .debug_abbrev  0x00000000000006a3      0x439 /tmp/ccLaug5V.o
 .debug_abbrev  0x0000000000000adc      0x1d6 /tmp/ccRE3W3n.o
 .debug_abbrev  0x0000000000000cb2      0x207 /tmp/ccDDm0HQ.o
 .debug_abbrev  0x0000000000000eb9      0x3d3 /tmp/ccEZmxqk.o
 .debug_abbrev  0x000000000000128c      0x16a /tmp/ccYCkDrO.o
 .debug_abbrev  0x00000000000013f6      0x3a6 /tmp/ccnUq5wk.o
 .debug_abbrev  0x000000000000179c      0x405 /tmp/ccTuhUaS.o
 .debug_abbrev  0x0000000000001ba1      0x2bb /tmp/ccBqXqgq.o
 .debug_abbrev  0x0000000000001e5c      0x166 /tmp/ccgPg3KY.o
 .debug_abbrev  0x0000000000001fc2      0x368 /tmp/cczElbMx.o
 .debug_abbrev  0x000000000000232a      0x302 /tmp/cczYRtv7.o
 .debug_abbrev  0x000000000000262c      0x1c0 /tmp/ccs66iGH.o

.debug_loc      0x0000000000000000     0x3e93
 .debug_loc     0x0000000000000000      0x54f /tmp/ccJryOk4.o
 .debug_loc     0x000000000000054f      0x2a3 /tmp/ccL9Bdyu.o
 .debug_loc     0x00000000000007f2     0x1499 /tmp/ccLaug5V.o
 .debug_loc     0x0000000000001c8b       0x92 /tmp/ccRE3W3n.o
 .debug_loc     0x0000000000001d1d      0x576 /tmp/ccDDm0HQ.o
 .debug_loc     0x0000000000002293      0x52c /tmp/ccEZmxqk.o
 .debug_loc     0x00000000000027bf      0x1f6 /tmp/ccYCkDrO.o
 .debug_loc     0x00000000000029b5      0x557 /tmp/ccnUq5wk.o
 .debug_loc     0x0000000000002f0c      0x6c4 /tmp/ccTuhUaS.o
 .debug_loc     0x00000000000035d0      0x185 /tmp/ccBqXqgq.o
 .debug_loc     0x0000000000003755      0x174 /tmp/ccgPg3KY.o
 .debug_loc     0x00000000000038c9      0x230 /tmp/cczElbMx.o
 .debug_loc     0x0000000000003af9      0x228 /tmp/cczYRtv7.o
 .debug_loc     0x0000000000003d21      0x172 /tmp/ccs66iGH.o

.debug_aranges  0x0000000000000000      0x1c8
 .debug_aranges
                0x0000000000000000       0x20 /tmp/ccJryOk4.o
 .debug_aranges
                0x0000000000000020       0x20 /tmp/ccL9Bdyu.o
 .debug_aranges
                0x0000000000000040       0x20 /tmp/ccLaug5V.o
 .debug_aranges
                0x0000000000000060       0x20 /tmp/ccRE3W3n.o
 .debug_aranges
                0x0000000000000080       0x20 /tmp/ccDDm0HQ.o
 .debug_aranges
                0x00000000000000a0       0x20 /tmp/ccEZmxqk.o
 .debug_aranges
                0x00000000000000c0       0x20 /tmp/ccYCkDrO.o
 .debug_aranges
                0x00000000000000e0       0x20 /tmp/ccnUq5wk.o
 .debug_aranges
                0x0000000000000100       0x28 /tmp/ccTuhUaS.o
 .debug_aranges
                0x0000000000000128       0x20 /tmp/ccBqXqgq.o
 .debug_aranges
                0x0000000000000148       0x20 /tmp/ccgPg3KY.o
 .debug_aranges
                0x0000000000000168       0x20 /tmp/cczElbMx.o
 .debug_aranges
                0x0000000000000188       0x20 /tmp/cczYRtv7.o
 .debug_aranges
                0x00000000000001a8       0x20 /tmp/ccs66iGH.o

.debug_ranges   0x0000000000000000      0x240
 .debug_ranges  0x0000000000000000       0x38 /tmp/ccJryOk4.o
 .debug_ranges  0x0000000000000038       0x20 /tmp/ccL9Bdyu.o
 .debug_ranges  0x0000000000000058       0x20 /tmp/ccLaug5V.o
 .debug_ranges  0x0000000000000078       0x30 /tmp/ccEZmxqk.o
 .debug_ranges  0x00000000000000a8       0x28 /tmp/ccnUq5wk.o
 .debug_ranges  0x00000000000000d0      0x118 /tmp/ccTuhUaS.o
 .debug_ranges  0x00000000000001e8       0x58 /tmp/ccs66iGH.o

.debug_line     0x0000000000000000     0x42e6
 .debug_line    0x0000000000000000      0x73c /tmp/ccJryOk4.o
 .debug_line    0x000000000000073c      0x23f /tmp/ccL9Bdyu.o
 .debug_line    0x000000000000097b      0x764 /tmp/ccLaug5V.o
 .debug_line    0x00000000000010df      0x289 /tmp/ccRE3W3n.o
 .debug_line    0x0000000000001368      0x43a /tmp/ccDDm0HQ.o
 .debug_line    0x00000000000017a2      0x6a0 /tmp/ccEZmxqk.o
 .debug_line    0x0000000000001e42      0x279 /tmp/ccYCkDrO.o
 .debug_line    0x00000000000020bb      0xa14 /tmp/ccnUq5wk.o
 .debug_line    0x0000000000002acf      0x8c5 /tmp/ccTuhUaS.o
 .debug_line    0x0000000000003394      0x28d /tmp/ccBqXqgq.o
 .debug_line    0x0000000000003621      0x277 /tmp/ccgPg3KY.o
 .debug_line    0x0000000000003898      0x362 /tmp/cczElbMx.o
 .debug_line    0x0000000000003bfa      0x483 /tmp/cczYRtv7.o
 .debug_line    0x000000000000407d      0x269 /tmp/ccs66iGH.o

.debug_str      0x0000000000000000     0x164c
 .debug_str     0x0000000000000000      0xc60 /tmp/ccJryOk4.o
                                        0xd0b (size before relaxing)
 .debug_str     0x0000000000000c60       0x76 /tmp/ccL9Bdyu.o
                                        0xbc8 (size before relaxing)
 .debug_str     0x0000000000000cd6      0x123 /tmp/ccLaug5V.o
                                        0xc32 (size before relaxing)
 .debug_str     0x0000000000000df9       0xf3 /tmp/ccRE3W3n.o
                                        0x389 (size before relaxing)
 .debug_str     0x0000000000000eec       0x5e /tmp/ccDDm0HQ.o
                                        0x544 (size before relaxing)
 .debug_str     0x0000000000000f4a      0x11b /tmp/ccEZmxqk.o
                                        0x6bf (size before relaxing)
 .debug_str     0x0000000000001065      0x12a /tmp/ccYCkDrO.o
                                        0x320 (size before relaxing)
 .debug_str     0x000000000000118f      0x1e9 /tmp/ccnUq5wk.o
                                        0xdf1 (size before relaxing)
 .debug_str     0x0000000000001378       0xe3 /tmp/ccTuhUaS.o
                                        0xf20 (size before relaxing)
 .debug_str     0x000000000000145b       0x8d /tmp/ccBqXqgq.o
                                        0x429 (size before relaxing)
 .debug_str     0x00000000000014e8       0x4c /tmp/ccgPg3KY.o
                                        0x302 (size before relaxing)
 .debug_str     0x0000000000001534       0x9b /tmp/cczElbMx.o
                                        0xcc5 (size before relaxing)
 .debug_str     0x00000000000015cf       0x2a /tmp/cczYRtv7.o
                                        0xc4c (size before relaxing)
 .debug_str     0x00000000000015f9       0x53 /tmp/ccs66iGH.o
                                        0x26c (size before relaxing)

.debug_frame    0x0000000000000000      0xa04
 .debug_frame   0x0000000000000000       0x58 /tmp/ccJryOk4.o
 .debug_frame   0x0000000000000058       0xa0 /tmp/ccL9Bdyu.o
 .debug_frame   0x00000000000000f8      0x1d0 /tmp/ccLaug5V.o
 .debug_frame   0x00000000000002c8       0x58 /tmp/ccRE3W3n.o
 .debug_frame   0x0000000000000320      0x13c /tmp/ccDDm0HQ.o
 .debug_frame   0x000000000000045c      0x154 /tmp/ccEZmxqk.o
 .debug_frame   0x00000000000005b0       0x88 /tmp/ccYCkDrO.o
 .debug_frame   0x0000000000000638       0x68 /tmp/ccnUq5wk.o
 .debug_frame   0x00000000000006a0       0x9c /tmp/ccTuhUaS.o
 .debug_frame   0x000000000000073c       0x9c /tmp/ccBqXqgq.o
 .debug_frame   0x00000000000007d8       0x60 /tmp/ccgPg3KY.o
 .debug_frame   0x0000000000000838       0xe0 /tmp/cczElbMx.o
 .debug_frame   0x0000000000000918       0x30 /tmp/cczYRtv7.o
 .debug_frame   0x0000000000000948       0x7c /tmp/ccs66iGH.o
 .debug_frame   0x00000000000009c4       0x20 /usr/local/gcc-arm-none-eabi-8-2018-q4-major/bin/../lib/gcc/arm-none-eabi/8.2.1/thumb/v6-m/nofp/libgcc.a(_udivsi3.o)
 .debug_frame   0x00000000000009e4       0x20 /usr/local/gcc-arm-none-eabi-8-2018-q4-major/bin/../lib/gcc/arm-none-eabi/8.2.1/thumb/v6-m/nofp/libgcc.a(_divsi3.o)
