Archive member included to satisfy reference by file (symbol)

/usr/local/gcc-arm-none-eabi-8-2018-q4-major/bin/../lib/gcc/arm-none-eabi/8.2.1/thumb/v6-m/nofp/libgcc.a(_udivsi3.o)
                              /tmp/ccnUi74w.o (__aeabi_uidiv)
/usr/local/gcc-arm-none-eabi-8-2018-q4-major/bin/../lib/gcc/arm-none-eabi/8.2.1/thumb/v6-m/nofp/libgcc.a(_divsi3.o)
                              /tmp/cc6jhVck.o (__aeabi_idiv)
/usr/local/gcc-arm-none-eabi-8-2018-q4-major/bin/../lib/gcc/arm-none-eabi/8.2.1/thumb/v6-m/nofp/libgcc.a(_dvmd_tls.o)
                              /usr/local/gcc-arm-none-eabi-8-2018-q4-major/bin/../lib/gcc/arm-none-eabi/8.2.1/thumb/v6-m/nofp/libgcc.a(_udivsi3.o) (__aeabi_idiv0)

Memory Configuration

Name             Origin             Length             Attributes
flash            0x0000000008000000 0x0000000000004000
ram              0x0000000020000000 0x0000000000001000
*default*        0x0000000000000000 0xffffffffffffffff

Linker script and memory map

LOAD /tmp/cc63XCEq.o
LOAD /tmp/ccnhwWft.o
LOAD /tmp/ccnUi74w.o
LOAD /tmp/ccZSzklB.o
LOAD /tmp/ccOofFdG.o
LOAD /tmp/ccfiY21L.o
LOAD /tmp/ccnIGj7R.o
LOAD /tmp/cclqIsq0.o
LOAD /tmp/ccu3Wg79.o
LOAD /tmp/cc6jhVck.o
LOAD /tmp/ccZplnFu.o
LOAD /tmp/ccYd9OBF.o
LOAD /tmp/cc6igBvR.o
LOAD /tmp/ccYGpHO3.o
START GROUP
LOAD /usr/local/gcc-arm-none-eabi-8-2018-q4-major/bin/../lib/gcc/arm-none-eabi/8.2.1/thumb/v6-m/nofp/libgcc.a
LOAD /usr/local/gcc-arm-none-eabi-8-2018-q4-major/bin/../lib/gcc/arm-none-eabi/8.2.1/../../../../arm-none-eabi/lib/thumb/v6-m/nofp/libg.a
LOAD /usr/local/gcc-arm-none-eabi-8-2018-q4-major/bin/../lib/gcc/arm-none-eabi/8.2.1/../../../../arm-none-eabi/lib/thumb/v6-m/nofp/libc.a
END GROUP
                0x0000000008000000                . = ORIGIN (flash)

.text           0x0000000008000000     0x380c
 *(.vectors)
 .vectors       0x0000000008000000       0xb4 /tmp/ccnIGj7R.o
 *(.text)
 .text          0x00000000080000b4      0x528 /tmp/cc63XCEq.o
                0x00000000080000b4                Brici(brick*, unsigned short, unsigned short, unsigned short)
                0x000000000800052c                ClassicBrici()
 .text          0x00000000080005dc       0xbc /tmp/ccnhwWft.o
                0x00000000080005dc                brick::show()
                0x0000000008000600                brick::hide()
                0x0000000008000628                brick::brick(unsigned short, unsigned short, unsigned short, unsigned short, unsigned short)
                0x0000000008000628                brick::brick(unsigned short, unsigned short, unsigned short, unsigned short, unsigned short)
                0x0000000008000660                brick::brick()
                0x0000000008000660                brick::brick()
                0x000000000800067c                brick::define(unsigned short, unsigned short, unsigned short, unsigned short, unsigned short)
 .text          0x0000000008000698      0x594 /tmp/ccnUi74w.o
                0x0000000008000698                console::fillRectangle(unsigned short, unsigned short, unsigned short, unsigned short, unsigned short)
                0x00000000080006ae                console::drawCircle(unsigned short, unsigned short, unsigned short, unsigned short)
                0x00000000080007ec                console::drawLineLowSlope(unsigned short, unsigned short, unsigned short, unsigned short, unsigned short)
                0x0000000008000848                console::drawLineHighSlope(unsigned short, unsigned short, unsigned short, unsigned short, unsigned short)
                0x00000000080008a4                console::drawLine(unsigned short, unsigned short, unsigned short, unsigned short, unsigned short)
                0x00000000080008f2                console::drawRectangle(unsigned short, unsigned short, unsigned short, unsigned short, unsigned short)
                0x0000000008000956                console::fillCircle(unsigned short, unsigned short, unsigned short, unsigned short)
                0x0000000008000a44                console::putPixel(unsigned short, unsigned short, unsigned short)
                0x0000000008000a4e                console::putImage(unsigned short, unsigned short, unsigned short, unsigned short, unsigned short const*)
                0x0000000008000a62                console::print(char const*, unsigned short, unsigned short, unsigned short, unsigned short, unsigned short)
                0x0000000008000af0                console::print(unsigned short, unsigned short, unsigned short, unsigned short, unsigned short)
                0x0000000008000b80                console::prbs()
                0x0000000008000ba8                console::random(unsigned long, unsigned long)
                0x0000000008000bbc                console::random_seed()
                0x0000000008000bea                console::begin()
 .text          0x0000000008000c2c      0x130 /tmp/ccZSzklB.o
                0x0000000008000c2c                controller::begin()
                0x0000000008000cd0                controller::stopADC()
                0x0000000008000cf4                controller::getButtonState()
                0x0000000008000d38                controller::readTemperature()
 .text          0x0000000008000d5c      0x2b4 /tmp/ccOofFdG.o
                0x0000000008000d5c                display::RSLow()
                0x0000000008000d6c                display::RSHigh()
                0x0000000008000d7c                display::RSTLow()
                0x0000000008000d8a                display::RSTHigh()
                0x0000000008000d98                display::writeCommand(unsigned char)
                0x0000000008000da8                display::writeData8(unsigned char)
                0x0000000008000db8                display::openAperture(unsigned short, unsigned short, unsigned short, unsigned short)
                0x0000000008000e24                display::writeData16(unsigned short)
                0x0000000008000e34                display::putPixel(unsigned short, unsigned short, unsigned short)
                0x0000000008000e54                display::putImage(unsigned short, unsigned short, unsigned short, unsigned short, unsigned short const*)
                0x0000000008000eaa                display::fillRectangle(unsigned short, unsigned short, unsigned short, unsigned short, unsigned short)
                0x0000000008000efa                display::begin(timer*)
 .text          0x0000000008001010      0x35c /tmp/ccfiY21L.o
                0x0000000008001010                ibc::getPacket(unsigned char, unsigned char*)
                0x000000000800103a                ibc::getCHK(unsigned char, unsigned char*)
                0x000000000800104e                ibc::validatePacket(unsigned char, unsigned char*)
                0x000000000800106c                ibc::assertLineBusy()
                0x000000000800108c                ibc::deassertLineBusy()
                0x00000000080010a0                ibc::begin(timer*)
                0x0000000008001194                ibc::lineIsFree()
                0x00000000080011a0                ibc::sendPacket(unsigned char, unsigned char, unsigned char, unsigned char*)
                0x00000000080011f2                ibc::OnLineBecomesFree()
                0x00000000080011f8                ibc::send()
                0x0000000008001244                ibc::LineBusyCallback()
                0x000000000800127c                ibc::OnLineBecomesBusy()
                0x000000000800128e                ibc::sendNAK()
                0x00000000080012d0                ibc::handle_rxdata()
                0x0000000008001324                USART1_Handler()
                0x0000000008001340                Line_State_Handler()
 .text          0x000000000800136c      0x1a4 /tmp/ccnIGj7R.o
                0x000000000800136c                initClock()
                0x0000000008001410                init_array()
                0x0000000008001480                init()
                0x0000000008001508                Default_Handler()
 .text          0x0000000008001510      0x838 /tmp/cclqIsq0.o
                0x0000000008001510                FirePressed()
                0x0000000008001538                Explode(unsigned short, unsigned short)
                0x000000000800159c                playInvaders(unsigned short)
 .text          0x0000000008001d48      0x328 /tmp/ccu3Wg79.o
                0x0000000008001d48                setup()
                0x0000000008001d80                initADC()
                0x0000000008001dc4                debugScreen()
                0x0000000008001df0                DrawLogo(unsigned long)
 .text          0x0000000008002070      0x12c /tmp/cc6jhVck.o
                0x0000000008002070                sound::begin()
                0x00000000080020ac                sound::playTone(unsigned short, unsigned short)
                0x0000000008002128                sound::stopTone()
                0x0000000008002148                sound::SoundPlaying()
                0x0000000008002150                sound::playMelody(unsigned short const*, unsigned short const*, int)
                0x000000000800217a                sound::ms_callback()
 .text          0x000000000800219c       0xe4 /tmp/ccZplnFu.o
                0x000000000800219c                transferSPI8(unsigned char)
                0x00000000080021d4                initSPI()
                0x0000000008002248                transferSPI16(unsigned short)
 .text          0x0000000008002280      0x148 /tmp/ccYd9OBF.o
                0x0000000008002280                sprite::show()
                0x00000000080022a8                sprite::hide()
                0x00000000080022d0                sprite::sprite(unsigned short const*, unsigned short, unsigned short, unsigned short, unsigned short)
                0x00000000080022d0                sprite::sprite(unsigned short const*, unsigned short, unsigned short, unsigned short, unsigned short)
                0x00000000080022f4                sprite::sprite()
                0x00000000080022f4                sprite::sprite()
                0x0000000008002304                sprite::redraw()
                0x0000000008002314                sprite::move(unsigned short, unsigned short)
                0x000000000800233c                sprite::within(unsigned short, unsigned short)
                0x000000000800236c                sprite::touching(unsigned short, unsigned short)
 .text          0x00000000080023c8      0x418 /tmp/cc6igBvR.o
                0x00000000080023c8                Tennis()
 .text          0x00000000080027e0       0xb4 /tmp/ccYGpHO3.o
                0x00000000080027e0                timer::begin()
                0x0000000008002818                timer::attach(void (*)())
                0x0000000008002836                timer::detach(void (*)())
                0x0000000008002856                timer::sleep(unsigned long)
                0x0000000008002870                Systick_Handler()
 .text          0x0000000008002894      0x114 /usr/local/gcc-arm-none-eabi-8-2018-q4-major/bin/../lib/gcc/arm-none-eabi/8.2.1/thumb/v6-m/nofp/libgcc.a(_udivsi3.o)
                0x0000000008002894                __udivsi3
                0x0000000008002894                __aeabi_uidiv
                0x00000000080029a0                __aeabi_uidivmod
 .text          0x00000000080029a8      0x1d4 /usr/local/gcc-arm-none-eabi-8-2018-q4-major/bin/../lib/gcc/arm-none-eabi/8.2.1/thumb/v6-m/nofp/libgcc.a(_divsi3.o)
                0x00000000080029a8                __aeabi_idiv
                0x00000000080029a8                __divsi3
                0x0000000008002b74                __aeabi_idivmod
 .text          0x0000000008002b7c        0x4 /usr/local/gcc-arm-none-eabi-8-2018-q4-major/bin/../lib/gcc/arm-none-eabi/8.2.1/thumb/v6-m/nofp/libgcc.a(_dvmd_tls.o)
                0x0000000008002b7c                __aeabi_ldiv0
                0x0000000008002b7c                __aeabi_idiv0
                0x0000000008002b80                . = ALIGN (0x4)
                0x0000000008002b80                PROVIDE (__preinit_array_start = .)
 *(.preinit_array)
                0x0000000008002b80                PROVIDE (__preinit_array_end = .)
                0x0000000008002b80                . = ALIGN (0x4)
                0x0000000008002b80                PROVIDE (__init_array_start = .)
 *(SORT_BY_NAME(.init_array.*))
 *(.init_array)
                0x0000000008002b80                PROVIDE (__init_array_end = .)
                0x0000000008002b80                . = ALIGN (0x4)
                [!provide]                        PROVIDE (__fini_array_start = .)
 *(SORT_BY_NAME(.fini_array.*))
 *(.fini_array)
                [!provide]                        PROVIDE (__fini_array_end = .)
 *(.rodata)
 .rodata        0x0000000008002b80       0x10 /tmp/ccnhwWft.o
                0x0000000008002b80                vtable for brick
 .rodata        0x0000000008002b90      0x1e0 /tmp/ccnUi74w.o
 .rodata        0x0000000008002d70      0x2f8 /tmp/cclqIsq0.o
 .rodata        0x0000000008003068      0x45a /tmp/ccu3Wg79.o
 *fill*         0x00000000080034c2        0x2 
 .rodata        0x00000000080034c4       0x10 /tmp/ccYd9OBF.o
                0x00000000080034c4                vtable for sprite
 *(.comment)
 .comment       0x00000000080034d4       0x75 /tmp/cc63XCEq.o
                                         0x76 (size before relaxing)
 .comment       0x0000000008003549       0x76 /tmp/ccnhwWft.o
 .comment       0x0000000008003549       0x76 /tmp/ccnUi74w.o
 .comment       0x0000000008003549       0x76 /tmp/ccZSzklB.o
 .comment       0x0000000008003549       0x76 /tmp/ccOofFdG.o
 .comment       0x0000000008003549       0x76 /tmp/ccfiY21L.o
 .comment       0x0000000008003549       0x76 /tmp/ccnIGj7R.o
 .comment       0x0000000008003549       0x76 /tmp/cclqIsq0.o
 .comment       0x0000000008003549       0x76 /tmp/ccu3Wg79.o
 .comment       0x0000000008003549       0x76 /tmp/cc6jhVck.o
 .comment       0x0000000008003549       0x76 /tmp/ccZplnFu.o
 .comment       0x0000000008003549       0x76 /tmp/ccYd9OBF.o
 .comment       0x0000000008003549       0x76 /tmp/cc6igBvR.o
 .comment       0x0000000008003549       0x76 /tmp/ccYGpHO3.o
 *(.ARM.attributes)
 .ARM.attributes
                0x0000000008003549       0x2c /tmp/cc63XCEq.o
 .ARM.attributes
                0x0000000008003575       0x2c /tmp/ccnhwWft.o
 .ARM.attributes
                0x00000000080035a1       0x2c /tmp/ccnUi74w.o
 .ARM.attributes
                0x00000000080035cd       0x2c /tmp/ccZSzklB.o
 .ARM.attributes
                0x00000000080035f9       0x2c /tmp/ccOofFdG.o
 .ARM.attributes
                0x0000000008003625       0x2c /tmp/ccfiY21L.o
 .ARM.attributes
                0x0000000008003651       0x2c /tmp/ccnIGj7R.o
 .ARM.attributes
                0x000000000800367d       0x2c /tmp/cclqIsq0.o
 .ARM.attributes
                0x00000000080036a9       0x2c /tmp/ccu3Wg79.o
 .ARM.attributes
                0x00000000080036d5       0x2c /tmp/cc6jhVck.o
 .ARM.attributes
                0x0000000008003701       0x2c /tmp/ccZplnFu.o
 .ARM.attributes
                0x000000000800372d       0x2c /tmp/ccYd9OBF.o
 .ARM.attributes
                0x0000000008003759       0x2c /tmp/cc6igBvR.o
 .ARM.attributes
                0x0000000008003785       0x2c /tmp/ccYGpHO3.o
 .ARM.attributes
                0x00000000080037b1       0x1e /usr/local/gcc-arm-none-eabi-8-2018-q4-major/bin/../lib/gcc/arm-none-eabi/8.2.1/thumb/v6-m/nofp/libgcc.a(_udivsi3.o)
 .ARM.attributes
                0x00000000080037cf       0x1e /usr/local/gcc-arm-none-eabi-8-2018-q4-major/bin/../lib/gcc/arm-none-eabi/8.2.1/thumb/v6-m/nofp/libgcc.a(_divsi3.o)
 .ARM.attributes
                0x00000000080037ed       0x1e /usr/local/gcc-arm-none-eabi-8-2018-q4-major/bin/../lib/gcc/arm-none-eabi/8.2.1/thumb/v6-m/nofp/libgcc.a(_dvmd_tls.o)
                0x000000000800380c                . = ALIGN (0x4)
 *fill*         0x000000000800380b        0x1 

.rodata.str1.1  0x000000000800380c      0x112
 .rodata.str1.1
                0x000000000800380c       0x20 /tmp/cc63XCEq.o
 .rodata.str1.1
                0x000000000800382c       0x41 /tmp/cclqIsq0.o
                                         0x61 (size before relaxing)
 .rodata.str1.1
                0x000000000800386d       0x44 /tmp/ccu3Wg79.o
 .rodata.str1.1
                0x00000000080038b1       0x6d /tmp/cc6igBvR.o

.glue_7         0x0000000008003920        0x0
 .glue_7        0x0000000008003920        0x0 linker stubs

.glue_7t        0x0000000008003920        0x0
 .glue_7t       0x0000000008003920        0x0 linker stubs

.vfp11_veneer   0x0000000008003920        0x0
 .vfp11_veneer  0x0000000008003920        0x0 linker stubs

.v4_bx          0x0000000008003920        0x0
 .v4_bx         0x0000000008003920        0x0 linker stubs

.iplt           0x0000000008003920        0x0
 .iplt          0x0000000008003920        0x0 /tmp/cc63XCEq.o

.text.startup   0x0000000008003920      0x120
 .text.startup  0x0000000008003920      0x120 /tmp/ccu3Wg79.o
                0x0000000008003920                main

.rel.dyn        0x0000000008003a40        0x0
 .rel.iplt      0x0000000008003a40        0x0 /tmp/cc63XCEq.o
                0x0000000020000000                . = ORIGIN (ram)

.data           0x0000000020000000        0x0 load address 0x0000000008003a40
                0x0000000008003a40                INIT_DATA_VALUES = LOADADDR (.data)
                0x0000000020000000                INIT_DATA_START = .
 *(.data)
 .data          0x0000000020000000        0x0 /tmp/cc63XCEq.o
 .data          0x0000000020000000        0x0 /tmp/ccnhwWft.o
 .data          0x0000000020000000        0x0 /tmp/ccnUi74w.o
 .data          0x0000000020000000        0x0 /tmp/ccZSzklB.o
 .data          0x0000000020000000        0x0 /tmp/ccOofFdG.o
 .data          0x0000000020000000        0x0 /tmp/ccfiY21L.o
 .data          0x0000000020000000        0x0 /tmp/ccnIGj7R.o
 .data          0x0000000020000000        0x0 /tmp/cclqIsq0.o
 .data          0x0000000020000000        0x0 /tmp/ccu3Wg79.o
 .data          0x0000000020000000        0x0 /tmp/cc6jhVck.o
 .data          0x0000000020000000        0x0 /tmp/ccZplnFu.o
 .data          0x0000000020000000        0x0 /tmp/ccYd9OBF.o
 .data          0x0000000020000000        0x0 /tmp/cc6igBvR.o
 .data          0x0000000020000000        0x0 /tmp/ccYGpHO3.o
 .data          0x0000000020000000        0x0 /usr/local/gcc-arm-none-eabi-8-2018-q4-major/bin/../lib/gcc/arm-none-eabi/8.2.1/thumb/v6-m/nofp/libgcc.a(_udivsi3.o)
 .data          0x0000000020000000        0x0 /usr/local/gcc-arm-none-eabi-8-2018-q4-major/bin/../lib/gcc/arm-none-eabi/8.2.1/thumb/v6-m/nofp/libgcc.a(_divsi3.o)
 .data          0x0000000020000000        0x0 /usr/local/gcc-arm-none-eabi-8-2018-q4-major/bin/../lib/gcc/arm-none-eabi/8.2.1/thumb/v6-m/nofp/libgcc.a(_dvmd_tls.o)
                0x0000000020000000                INIT_DATA_END = .
                0x0000000020000000                . = ALIGN (0x4)
                0x0000000020000000                BSS_START = .

.igot.plt       0x0000000020000000        0x0 load address 0x0000000008003a40
 .igot.plt      0x0000000020000000        0x0 /tmp/cc63XCEq.o

.bss            0x0000000020000000       0x90 load address 0x0000000008003a40
 *(.bss)
 .bss           0x0000000020000000        0x0 /tmp/cc63XCEq.o
 .bss           0x0000000020000000        0x0 /tmp/ccnhwWft.o
 .bss           0x0000000020000000       0x7c /tmp/ccnUi74w.o
                0x0000000020000004                Console
 .bss           0x000000002000007c        0x0 /tmp/ccZSzklB.o
 .bss           0x000000002000007c        0x0 /tmp/ccOofFdG.o
 .bss           0x000000002000007c        0x4 /tmp/ccfiY21L.o
 .bss           0x0000000020000080        0x0 /tmp/ccnIGj7R.o
 .bss           0x0000000020000080        0x4 /tmp/cclqIsq0.o
 .bss           0x0000000020000084        0x0 /tmp/ccu3Wg79.o
 .bss           0x0000000020000084        0x4 /tmp/cc6jhVck.o
 .bss           0x0000000020000088        0x0 /tmp/ccZplnFu.o
 .bss           0x0000000020000088        0x0 /tmp/ccYd9OBF.o
 .bss           0x0000000020000088        0x0 /tmp/cc6igBvR.o
 .bss           0x0000000020000088        0x8 /tmp/ccYGpHO3.o
 .bss           0x0000000020000090        0x0 /usr/local/gcc-arm-none-eabi-8-2018-q4-major/bin/../lib/gcc/arm-none-eabi/8.2.1/thumb/v6-m/nofp/libgcc.a(_udivsi3.o)
 .bss           0x0000000020000090        0x0 /usr/local/gcc-arm-none-eabi-8-2018-q4-major/bin/../lib/gcc/arm-none-eabi/8.2.1/thumb/v6-m/nofp/libgcc.a(_divsi3.o)
 .bss           0x0000000020000090        0x0 /usr/local/gcc-arm-none-eabi-8-2018-q4-major/bin/../lib/gcc/arm-none-eabi/8.2.1/thumb/v6-m/nofp/libgcc.a(_dvmd_tls.o)
                0x0000000020000090                . = ALIGN (0x4)
                0x0000000020000090                BSS_END = .
OUTPUT(main.elf elf32-littlearm)

.debug_info     0x0000000000000000     0xdb98
 .debug_info    0x0000000000000000     0x16b3 /tmp/cc63XCEq.o
 .debug_info    0x00000000000016b3      0xffc /tmp/ccnhwWft.o
 .debug_info    0x00000000000026af     0x1d02 /tmp/ccnUi74w.o
 .debug_info    0x00000000000043b1      0x59f /tmp/ccZSzklB.o
 .debug_info    0x0000000000004950      0xdfb /tmp/ccOofFdG.o
 .debug_info    0x000000000000574b      0xe7e /tmp/ccfiY21L.o
 .debug_info    0x00000000000065c9      0x3a6 /tmp/ccnIGj7R.o
 .debug_info    0x000000000000696f     0x1ff0 /tmp/cclqIsq0.o
 .debug_info    0x000000000000895f     0x1bd3 /tmp/ccu3Wg79.o
 .debug_info    0x000000000000a532      0x7cb /tmp/cc6jhVck.o
 .debug_info    0x000000000000acfd      0x3da /tmp/ccZplnFu.o
 .debug_info    0x000000000000b0d7     0x1147 /tmp/ccYd9OBF.o
 .debug_info    0x000000000000c21e     0x1647 /tmp/cc6igBvR.o
 .debug_info    0x000000000000d865      0x333 /tmp/ccYGpHO3.o

.debug_abbrev   0x0000000000000000     0x286b
 .debug_abbrev  0x0000000000000000      0x353 /tmp/cc63XCEq.o
 .debug_abbrev  0x0000000000000353      0x35a /tmp/ccnhwWft.o
 .debug_abbrev  0x00000000000006ad      0x44c /tmp/ccnUi74w.o
 .debug_abbrev  0x0000000000000af9      0x1d6 /tmp/ccZSzklB.o
 .debug_abbrev  0x0000000000000ccf      0x207 /tmp/ccOofFdG.o
 .debug_abbrev  0x0000000000000ed6      0x3ca /tmp/ccfiY21L.o
 .debug_abbrev  0x00000000000012a0      0x16a /tmp/ccnIGj7R.o
 .debug_abbrev  0x000000000000140a      0x3b9 /tmp/cclqIsq0.o
 .debug_abbrev  0x00000000000017c3      0x418 /tmp/ccu3Wg79.o
 .debug_abbrev  0x0000000000001bdb      0x2bb /tmp/cc6jhVck.o
 .debug_abbrev  0x0000000000001e96      0x166 /tmp/ccZplnFu.o
 .debug_abbrev  0x0000000000001ffc      0x37b /tmp/ccYd9OBF.o
 .debug_abbrev  0x0000000000002377      0x334 /tmp/cc6igBvR.o
 .debug_abbrev  0x00000000000026ab      0x1c0 /tmp/ccYGpHO3.o

.debug_loc      0x0000000000000000     0x3f94
 .debug_loc     0x0000000000000000      0x5fa /tmp/cc63XCEq.o
 .debug_loc     0x00000000000005fa      0x2a3 /tmp/ccnhwWft.o
 .debug_loc     0x000000000000089d     0x1499 /tmp/ccnUi74w.o
 .debug_loc     0x0000000000001d36       0x92 /tmp/ccZSzklB.o
 .debug_loc     0x0000000000001dc8      0x576 /tmp/ccOofFdG.o
 .debug_loc     0x000000000000233e      0x50d /tmp/ccfiY21L.o
 .debug_loc     0x000000000000284b      0x1f6 /tmp/ccnIGj7R.o
 .debug_loc     0x0000000000002a41      0x557 /tmp/cclqIsq0.o
 .debug_loc     0x0000000000002f98      0x6dd /tmp/ccu3Wg79.o
 .debug_loc     0x0000000000003675      0x185 /tmp/cc6jhVck.o
 .debug_loc     0x00000000000037fa      0x174 /tmp/ccZplnFu.o
 .debug_loc     0x000000000000396e      0x230 /tmp/ccYd9OBF.o
 .debug_loc     0x0000000000003b9e      0x284 /tmp/cc6igBvR.o
 .debug_loc     0x0000000000003e22      0x172 /tmp/ccYGpHO3.o

.debug_aranges  0x0000000000000000      0x1c8
 .debug_aranges
                0x0000000000000000       0x20 /tmp/cc63XCEq.o
 .debug_aranges
                0x0000000000000020       0x20 /tmp/ccnhwWft.o
 .debug_aranges
                0x0000000000000040       0x20 /tmp/ccnUi74w.o
 .debug_aranges
                0x0000000000000060       0x20 /tmp/ccZSzklB.o
 .debug_aranges
                0x0000000000000080       0x20 /tmp/ccOofFdG.o
 .debug_aranges
                0x00000000000000a0       0x20 /tmp/ccfiY21L.o
 .debug_aranges
                0x00000000000000c0       0x20 /tmp/ccnIGj7R.o
 .debug_aranges
                0x00000000000000e0       0x20 /tmp/cclqIsq0.o
 .debug_aranges
                0x0000000000000100       0x28 /tmp/ccu3Wg79.o
 .debug_aranges
                0x0000000000000128       0x20 /tmp/cc6jhVck.o
 .debug_aranges
                0x0000000000000148       0x20 /tmp/ccZplnFu.o
 .debug_aranges
                0x0000000000000168       0x20 /tmp/ccYd9OBF.o
 .debug_aranges
                0x0000000000000188       0x20 /tmp/cc6igBvR.o
 .debug_aranges
                0x00000000000001a8       0x20 /tmp/ccYGpHO3.o

.debug_ranges   0x0000000000000000      0x230
 .debug_ranges  0x0000000000000000       0x38 /tmp/cc63XCEq.o
 .debug_ranges  0x0000000000000038       0x20 /tmp/ccnhwWft.o
 .debug_ranges  0x0000000000000058       0x20 /tmp/ccnUi74w.o
 .debug_ranges  0x0000000000000078       0x28 /tmp/cclqIsq0.o
 .debug_ranges  0x00000000000000a0      0x120 /tmp/ccu3Wg79.o
 .debug_ranges  0x00000000000001c0       0x18 /tmp/cc6igBvR.o
 .debug_ranges  0x00000000000001d8       0x58 /tmp/ccYGpHO3.o

.debug_line     0x0000000000000000     0x443f
 .debug_line    0x0000000000000000      0x744 /tmp/cc63XCEq.o
 .debug_line    0x0000000000000744      0x23f /tmp/ccnhwWft.o
 .debug_line    0x0000000000000983      0x764 /tmp/ccnUi74w.o
 .debug_line    0x00000000000010e7      0x289 /tmp/ccZSzklB.o
 .debug_line    0x0000000000001370      0x43a /tmp/ccOofFdG.o
 .debug_line    0x00000000000017aa      0x631 /tmp/ccfiY21L.o
 .debug_line    0x0000000000001ddb      0x279 /tmp/ccnIGj7R.o
 .debug_line    0x0000000000002054      0xa14 /tmp/cclqIsq0.o
 .debug_line    0x0000000000002a68      0x847 /tmp/ccu3Wg79.o
 .debug_line    0x00000000000032af      0x28d /tmp/cc6jhVck.o
 .debug_line    0x000000000000353c      0x277 /tmp/ccZplnFu.o
 .debug_line    0x00000000000037b3      0x362 /tmp/ccYd9OBF.o
 .debug_line    0x0000000000003b15      0x6c1 /tmp/cc6igBvR.o
 .debug_line    0x00000000000041d6      0x269 /tmp/ccYGpHO3.o

.debug_str      0x0000000000000000     0x16e3
 .debug_str     0x0000000000000000      0xcdd /tmp/cc63XCEq.o
                                        0xd88 (size before relaxing)
 .debug_str     0x0000000000000cdd       0x76 /tmp/ccnhwWft.o
                                        0xc45 (size before relaxing)
 .debug_str     0x0000000000000d53      0x123 /tmp/ccnUi74w.o
                                        0xcaf (size before relaxing)
 .debug_str     0x0000000000000e76       0xf3 /tmp/ccZSzklB.o
                                        0x389 (size before relaxing)
 .debug_str     0x0000000000000f69       0x5e /tmp/ccOofFdG.o
                                        0x544 (size before relaxing)
 .debug_str     0x0000000000000fc7      0x104 /tmp/ccfiY21L.o
                                        0x725 (size before relaxing)
 .debug_str     0x00000000000010cb      0x12a /tmp/ccnIGj7R.o
                                        0x320 (size before relaxing)
 .debug_str     0x00000000000011f5      0x1e9 /tmp/cclqIsq0.o
                                        0xe6e (size before relaxing)
 .debug_str     0x00000000000013de       0xeb /tmp/ccu3Wg79.o
                                        0xf9d (size before relaxing)
 .debug_str     0x00000000000014c9       0x8d /tmp/cc6jhVck.o
                                        0x429 (size before relaxing)
 .debug_str     0x0000000000001556       0x4c /tmp/ccZplnFu.o
                                        0x302 (size before relaxing)
 .debug_str     0x00000000000015a2       0x9b /tmp/ccYd9OBF.o
                                        0xd42 (size before relaxing)
 .debug_str     0x000000000000163d       0x53 /tmp/cc6igBvR.o
                                        0xd25 (size before relaxing)
 .debug_str     0x0000000000001690       0x53 /tmp/ccYGpHO3.o
                                        0x26c (size before relaxing)

.debug_frame    0x0000000000000000      0xa24
 .debug_frame   0x0000000000000000       0x54 /tmp/cc63XCEq.o
 .debug_frame   0x0000000000000054       0xa0 /tmp/ccnhwWft.o
 .debug_frame   0x00000000000000f4      0x1d0 /tmp/ccnUi74w.o
 .debug_frame   0x00000000000002c4       0x58 /tmp/ccZSzklB.o
 .debug_frame   0x000000000000031c      0x13c /tmp/ccOofFdG.o
 .debug_frame   0x0000000000000458      0x178 /tmp/ccfiY21L.o
 .debug_frame   0x00000000000005d0       0x88 /tmp/ccnIGj7R.o
 .debug_frame   0x0000000000000658       0x68 /tmp/cclqIsq0.o
 .debug_frame   0x00000000000006c0       0x9c /tmp/ccu3Wg79.o
 .debug_frame   0x000000000000075c       0x9c /tmp/cc6jhVck.o
 .debug_frame   0x00000000000007f8       0x60 /tmp/ccZplnFu.o
 .debug_frame   0x0000000000000858       0xe0 /tmp/ccYd9OBF.o
 .debug_frame   0x0000000000000938       0x30 /tmp/cc6igBvR.o
 .debug_frame   0x0000000000000968       0x7c /tmp/ccYGpHO3.o
 .debug_frame   0x00000000000009e4       0x20 /usr/local/gcc-arm-none-eabi-8-2018-q4-major/bin/../lib/gcc/arm-none-eabi/8.2.1/thumb/v6-m/nofp/libgcc.a(_udivsi3.o)
 .debug_frame   0x0000000000000a04       0x20 /usr/local/gcc-arm-none-eabi-8-2018-q4-major/bin/../lib/gcc/arm-none-eabi/8.2.1/thumb/v6-m/nofp/libgcc.a(_divsi3.o)
