Archive member included to satisfy reference by file (symbol)

/usr/local/gcc-arm-none-eabi-8-2018-q4-major/bin/../lib/gcc/arm-none-eabi/8.2.1/thumb/v6-m/nofp/libgcc.a(_udivsi3.o)
                              /tmp/ccoMotb2.o (__aeabi_uidiv)
/usr/local/gcc-arm-none-eabi-8-2018-q4-major/bin/../lib/gcc/arm-none-eabi/8.2.1/thumb/v6-m/nofp/libgcc.a(_divsi3.o)
                              /tmp/ccPIer66.o (__aeabi_idiv)
/usr/local/gcc-arm-none-eabi-8-2018-q4-major/bin/../lib/gcc/arm-none-eabi/8.2.1/thumb/v6-m/nofp/libgcc.a(_dvmd_tls.o)
                              /usr/local/gcc-arm-none-eabi-8-2018-q4-major/bin/../lib/gcc/arm-none-eabi/8.2.1/thumb/v6-m/nofp/libgcc.a(_udivsi3.o) (__aeabi_idiv0)

Memory Configuration

Name             Origin             Length             Attributes
flash            0x0000000008000000 0x0000000000004000
ram              0x0000000020000000 0x0000000000001000
*default*        0x0000000000000000 0xffffffffffffffff

Linker script and memory map

LOAD /tmp/ccW0OZtn.o
LOAD /tmp/ccoMotb2.o
LOAD /tmp/ccaXuqsH.o
LOAD /tmp/ccCD9own.o
LOAD /tmp/ccSDKa14.o
LOAD /tmp/ccywSWSM.o
LOAD /tmp/ccnblQfx.o
LOAD /tmp/cc5sa0Wj.o
LOAD /tmp/ccPIer66.o
LOAD /tmp/cci4YxEU.o
LOAD /tmp/ccZm98HI.o
LOAD /tmp/cc43fXax.o
START GROUP
LOAD /usr/local/gcc-arm-none-eabi-8-2018-q4-major/bin/../lib/gcc/arm-none-eabi/8.2.1/thumb/v6-m/nofp/libgcc.a
LOAD /usr/local/gcc-arm-none-eabi-8-2018-q4-major/bin/../lib/gcc/arm-none-eabi/8.2.1/../../../../arm-none-eabi/lib/thumb/v6-m/nofp/libg.a
LOAD /usr/local/gcc-arm-none-eabi-8-2018-q4-major/bin/../lib/gcc/arm-none-eabi/8.2.1/../../../../arm-none-eabi/lib/thumb/v6-m/nofp/libc.a
END GROUP
                0x0000000008000000                . = ORIGIN (flash)

.text           0x0000000008000000     0x2fe4
 *(.vectors)
 .vectors       0x0000000008000000       0xb4 /tmp/ccywSWSM.o
 *(.text)
 .text          0x00000000080000b4       0xbc /tmp/ccW0OZtn.o
                0x00000000080000b4                brick::show()
                0x00000000080000d8                brick::hide()
                0x0000000008000100                brick::brick(unsigned short, unsigned short, unsigned short, unsigned short, unsigned short)
                0x0000000008000100                brick::brick(unsigned short, unsigned short, unsigned short, unsigned short, unsigned short)
                0x0000000008000138                brick::brick()
                0x0000000008000138                brick::brick()
                0x0000000008000154                brick::define(unsigned short, unsigned short, unsigned short, unsigned short, unsigned short)
 .text          0x0000000008000170      0x594 /tmp/ccoMotb2.o
                0x0000000008000170                console::fillRectangle(unsigned short, unsigned short, unsigned short, unsigned short, unsigned short)
                0x0000000008000186                console::drawCircle(unsigned short, unsigned short, unsigned short, unsigned short)
                0x00000000080002c4                console::drawLineLowSlope(unsigned short, unsigned short, unsigned short, unsigned short, unsigned short)
                0x0000000008000320                console::drawLineHighSlope(unsigned short, unsigned short, unsigned short, unsigned short, unsigned short)
                0x000000000800037c                console::drawLine(unsigned short, unsigned short, unsigned short, unsigned short, unsigned short)
                0x00000000080003ca                console::drawRectangle(unsigned short, unsigned short, unsigned short, unsigned short, unsigned short)
                0x000000000800042e                console::fillCircle(unsigned short, unsigned short, unsigned short, unsigned short)
                0x000000000800051c                console::putPixel(unsigned short, unsigned short, unsigned short)
                0x0000000008000526                console::putImage(unsigned short, unsigned short, unsigned short, unsigned short, unsigned short const*)
                0x000000000800053a                console::print(char const*, unsigned short, unsigned short, unsigned short, unsigned short, unsigned short)
                0x00000000080005c8                console::print(unsigned short, unsigned short, unsigned short, unsigned short, unsigned short)
                0x0000000008000658                console::prbs()
                0x0000000008000680                console::random(unsigned long, unsigned long)
                0x0000000008000694                console::random_seed()
                0x00000000080006c2                console::begin()
 .text          0x0000000008000704      0x130 /tmp/ccaXuqsH.o
                0x0000000008000704                controller::begin()
                0x00000000080007a8                controller::stopADC()
                0x00000000080007cc                controller::getButtonState()
                0x0000000008000810                controller::readTemperature()
 .text          0x0000000008000834      0x2b4 /tmp/ccCD9own.o
                0x0000000008000834                display::RSLow()
                0x0000000008000844                display::RSHigh()
                0x0000000008000854                display::RSTLow()
                0x0000000008000862                display::RSTHigh()
                0x0000000008000870                display::writeCommand(unsigned char)
                0x0000000008000880                display::writeData8(unsigned char)
                0x0000000008000890                display::openAperture(unsigned short, unsigned short, unsigned short, unsigned short)
                0x00000000080008fc                display::writeData16(unsigned short)
                0x000000000800090c                display::putPixel(unsigned short, unsigned short, unsigned short)
                0x000000000800092c                display::putImage(unsigned short, unsigned short, unsigned short, unsigned short, unsigned short const*)
                0x0000000008000982                display::fillRectangle(unsigned short, unsigned short, unsigned short, unsigned short, unsigned short)
                0x00000000080009d2                display::begin(timer*)
 .text          0x0000000008000ae8      0x394 /tmp/ccSDKa14.o
                0x0000000008000ae8                ibc::getPacket(unsigned char, unsigned char*)
                0x0000000008000aec                ibc::getCHK(unsigned char, unsigned char*)
                0x0000000008000b00                ibc::validatePacket(unsigned char, unsigned char*)
                0x0000000008000b04                ibc::assertLineBusy()
                0x0000000008000b18                ibc::deassertLineBusy()
                0x0000000008000b28                ibc::lineIsFree()
                0x0000000008000b34                ibc::OnLineBecomesBusy()
                0x0000000008000b46                ibc::sendNAK()
                0x0000000008000b8c                ibc::OnLineBecomesFree()
                0x0000000008000c1c                ibc::sendPacket(unsigned char, unsigned char, unsigned char, unsigned char*)
                0x0000000008000c70                ibc::announce()
                0x0000000008000d1c                ibc::begin(timer*)
                0x0000000008000e04                ibc::handle_rxdata()
                0x0000000008000e34                USART1_Handler()
                0x0000000008000e50                Line_State_Handler()
 .text          0x0000000008000e7c      0x1a4 /tmp/ccywSWSM.o
                0x0000000008000e7c                initClock()
                0x0000000008000f20                init_array()
                0x0000000008000f90                init()
                0x0000000008001018                Default_Handler()
 .text          0x0000000008001020      0x7fc /tmp/ccnblQfx.o
                0x0000000008001020                FirePressed()
                0x0000000008001048                Explode(unsigned short, unsigned short)
                0x00000000080010ac                playInvaders()
 .text          0x000000000800181c      0x5dc /tmp/cc5sa0Wj.o
                0x000000000800181c                setup()
                0x0000000008001854                initADC()
                0x0000000008001898                debugScreen()
                0x0000000008001964                DrawLogo(unsigned short)
 .text          0x0000000008001df8      0x12c /tmp/ccPIer66.o
                0x0000000008001df8                sound::begin()
                0x0000000008001e34                sound::playTone(unsigned short, unsigned short)
                0x0000000008001eb0                sound::stopTone()
                0x0000000008001ed0                sound::SoundPlaying()
                0x0000000008001ed8                sound::playMelody(unsigned short const*, unsigned short const*, int)
                0x0000000008001f02                sound::ms_callback()
 .text          0x0000000008001f24       0xe4 /tmp/cci4YxEU.o
                0x0000000008001f24                transferSPI8(unsigned char)
                0x0000000008001f5c                initSPI()
                0x0000000008001fd0                transferSPI16(unsigned short)
 .text          0x0000000008002008      0x148 /tmp/ccZm98HI.o
                0x0000000008002008                sprite::show()
                0x0000000008002030                sprite::hide()
                0x0000000008002058                sprite::sprite(unsigned short const*, unsigned short, unsigned short, unsigned short, unsigned short)
                0x0000000008002058                sprite::sprite(unsigned short const*, unsigned short, unsigned short, unsigned short, unsigned short)
                0x000000000800207c                sprite::sprite()
                0x000000000800207c                sprite::sprite()
                0x000000000800208c                sprite::redraw()
                0x000000000800209c                sprite::move(unsigned short, unsigned short)
                0x00000000080020c4                sprite::within(unsigned short, unsigned short)
                0x00000000080020f4                sprite::touching(unsigned short, unsigned short)
 .text          0x0000000008002150       0xb4 /tmp/cc43fXax.o
                0x0000000008002150                timer::begin()
                0x0000000008002188                timer::attach(void (*)())
                0x00000000080021a6                timer::detach(void (*)())
                0x00000000080021c6                timer::sleep(unsigned long)
                0x00000000080021e0                Systick_Handler()
 .text          0x0000000008002204      0x114 /usr/local/gcc-arm-none-eabi-8-2018-q4-major/bin/../lib/gcc/arm-none-eabi/8.2.1/thumb/v6-m/nofp/libgcc.a(_udivsi3.o)
                0x0000000008002204                __udivsi3
                0x0000000008002204                __aeabi_uidiv
                0x0000000008002310                __aeabi_uidivmod
 .text          0x0000000008002318      0x1d4 /usr/local/gcc-arm-none-eabi-8-2018-q4-major/bin/../lib/gcc/arm-none-eabi/8.2.1/thumb/v6-m/nofp/libgcc.a(_divsi3.o)
                0x0000000008002318                __aeabi_idiv
                0x0000000008002318                __divsi3
                0x00000000080024e4                __aeabi_idivmod
 .text          0x00000000080024ec        0x4 /usr/local/gcc-arm-none-eabi-8-2018-q4-major/bin/../lib/gcc/arm-none-eabi/8.2.1/thumb/v6-m/nofp/libgcc.a(_dvmd_tls.o)
                0x00000000080024ec                __aeabi_ldiv0
                0x00000000080024ec                __aeabi_idiv0
                0x00000000080024f0                . = ALIGN (0x4)
                0x00000000080024f0                PROVIDE (__preinit_array_start = .)
 *(.preinit_array)
                0x00000000080024f0                PROVIDE (__preinit_array_end = .)
                0x00000000080024f0                . = ALIGN (0x4)
                0x00000000080024f0                PROVIDE (__init_array_start = .)
 *(SORT_BY_NAME(.init_array.*))
 *(.init_array)
                0x00000000080024f0                PROVIDE (__init_array_end = .)
                0x00000000080024f0                . = ALIGN (0x4)
                [!provide]                        PROVIDE (__fini_array_start = .)
 *(SORT_BY_NAME(.fini_array.*))
 *(.fini_array)
                [!provide]                        PROVIDE (__fini_array_end = .)
 *(.rodata)
 .rodata        0x00000000080024f0       0x10 /tmp/ccW0OZtn.o
                0x00000000080024f0                vtable for brick
 .rodata        0x0000000008002500      0x1e0 /tmp/ccoMotb2.o
 .rodata        0x00000000080026e0      0x2f8 /tmp/ccnblQfx.o
 .rodata        0x00000000080029d8      0x319 /tmp/cc5sa0Wj.o
 *fill*         0x0000000008002cf1        0x3 
 .rodata        0x0000000008002cf4       0x10 /tmp/ccZm98HI.o
                0x0000000008002cf4                vtable for sprite
 *(.comment)
 .comment       0x0000000008002d04       0x75 /tmp/ccW0OZtn.o
                                         0x76 (size before relaxing)
 .comment       0x0000000008002d79       0x76 /tmp/ccoMotb2.o
 .comment       0x0000000008002d79       0x76 /tmp/ccaXuqsH.o
 .comment       0x0000000008002d79       0x76 /tmp/ccCD9own.o
 .comment       0x0000000008002d79       0x76 /tmp/ccSDKa14.o
 .comment       0x0000000008002d79       0x76 /tmp/ccywSWSM.o
 .comment       0x0000000008002d79       0x76 /tmp/ccnblQfx.o
 .comment       0x0000000008002d79       0x76 /tmp/cc5sa0Wj.o
 .comment       0x0000000008002d79       0x76 /tmp/ccPIer66.o
 .comment       0x0000000008002d79       0x76 /tmp/cci4YxEU.o
 .comment       0x0000000008002d79       0x76 /tmp/ccZm98HI.o
 .comment       0x0000000008002d79       0x76 /tmp/cc43fXax.o
 *(.ARM.attributes)
 .ARM.attributes
                0x0000000008002d79       0x2c /tmp/ccW0OZtn.o
 .ARM.attributes
                0x0000000008002da5       0x2c /tmp/ccoMotb2.o
 .ARM.attributes
                0x0000000008002dd1       0x2c /tmp/ccaXuqsH.o
 .ARM.attributes
                0x0000000008002dfd       0x2c /tmp/ccCD9own.o
 .ARM.attributes
                0x0000000008002e29       0x2c /tmp/ccSDKa14.o
 .ARM.attributes
                0x0000000008002e55       0x2c /tmp/ccywSWSM.o
 .ARM.attributes
                0x0000000008002e81       0x2c /tmp/ccnblQfx.o
 .ARM.attributes
                0x0000000008002ead       0x2c /tmp/cc5sa0Wj.o
 .ARM.attributes
                0x0000000008002ed9       0x2c /tmp/ccPIer66.o
 .ARM.attributes
                0x0000000008002f05       0x2c /tmp/cci4YxEU.o
 .ARM.attributes
                0x0000000008002f31       0x2c /tmp/ccZm98HI.o
 .ARM.attributes
                0x0000000008002f5d       0x2c /tmp/cc43fXax.o
 .ARM.attributes
                0x0000000008002f89       0x1e /usr/local/gcc-arm-none-eabi-8-2018-q4-major/bin/../lib/gcc/arm-none-eabi/8.2.1/thumb/v6-m/nofp/libgcc.a(_udivsi3.o)
 .ARM.attributes
                0x0000000008002fa7       0x1e /usr/local/gcc-arm-none-eabi-8-2018-q4-major/bin/../lib/gcc/arm-none-eabi/8.2.1/thumb/v6-m/nofp/libgcc.a(_divsi3.o)
 .ARM.attributes
                0x0000000008002fc5       0x1e /usr/local/gcc-arm-none-eabi-8-2018-q4-major/bin/../lib/gcc/arm-none-eabi/8.2.1/thumb/v6-m/nofp/libgcc.a(_dvmd_tls.o)
                0x0000000008002fe4                . = ALIGN (0x4)
 *fill*         0x0000000008002fe3        0x1 

.rodata.str1.1  0x0000000008002fe4       0x89
 .rodata.str1.1
                0x0000000008002fe4       0x61 /tmp/ccnblQfx.o
 .rodata.str1.1
                0x0000000008003045       0x28 /tmp/cc5sa0Wj.o
                                         0x48 (size before relaxing)

.glue_7         0x0000000008003070        0x0
 .glue_7        0x0000000008003070        0x0 linker stubs

.glue_7t        0x0000000008003070        0x0
 .glue_7t       0x0000000008003070        0x0 linker stubs

.vfp11_veneer   0x0000000008003070        0x0
 .vfp11_veneer  0x0000000008003070        0x0 linker stubs

.v4_bx          0x0000000008003070        0x0
 .v4_bx         0x0000000008003070        0x0 linker stubs

.iplt           0x0000000008003070        0x0
 .iplt          0x0000000008003070        0x0 /tmp/ccW0OZtn.o

.text.startup   0x0000000008003070      0x2f0
 .text.startup  0x0000000008003070      0x2f0 /tmp/cc5sa0Wj.o
                0x0000000008003070                main

.rel.dyn        0x0000000008003360        0x0
 .rel.iplt      0x0000000008003360        0x0 /tmp/ccW0OZtn.o
                0x0000000020000000                . = ORIGIN (ram)

.data           0x0000000020000000        0x0 load address 0x0000000008003360
                0x0000000008003360                INIT_DATA_VALUES = LOADADDR (.data)
                0x0000000020000000                INIT_DATA_START = .
 *(.data)
 .data          0x0000000020000000        0x0 /tmp/ccW0OZtn.o
 .data          0x0000000020000000        0x0 /tmp/ccoMotb2.o
 .data          0x0000000020000000        0x0 /tmp/ccaXuqsH.o
 .data          0x0000000020000000        0x0 /tmp/ccCD9own.o
 .data          0x0000000020000000        0x0 /tmp/ccSDKa14.o
 .data          0x0000000020000000        0x0 /tmp/ccywSWSM.o
 .data          0x0000000020000000        0x0 /tmp/ccnblQfx.o
 .data          0x0000000020000000        0x0 /tmp/cc5sa0Wj.o
 .data          0x0000000020000000        0x0 /tmp/ccPIer66.o
 .data          0x0000000020000000        0x0 /tmp/cci4YxEU.o
 .data          0x0000000020000000        0x0 /tmp/ccZm98HI.o
 .data          0x0000000020000000        0x0 /tmp/cc43fXax.o
 .data          0x0000000020000000        0x0 /usr/local/gcc-arm-none-eabi-8-2018-q4-major/bin/../lib/gcc/arm-none-eabi/8.2.1/thumb/v6-m/nofp/libgcc.a(_udivsi3.o)
 .data          0x0000000020000000        0x0 /usr/local/gcc-arm-none-eabi-8-2018-q4-major/bin/../lib/gcc/arm-none-eabi/8.2.1/thumb/v6-m/nofp/libgcc.a(_divsi3.o)
 .data          0x0000000020000000        0x0 /usr/local/gcc-arm-none-eabi-8-2018-q4-major/bin/../lib/gcc/arm-none-eabi/8.2.1/thumb/v6-m/nofp/libgcc.a(_dvmd_tls.o)
                0x0000000020000000                INIT_DATA_END = .
                0x0000000020000000                . = ALIGN (0x4)
                0x0000000020000000                BSS_START = .

.igot.plt       0x0000000020000000        0x0 load address 0x0000000008003360
 .igot.plt      0x0000000020000000        0x0 /tmp/ccW0OZtn.o

.bss            0x0000000020000000       0x88 load address 0x0000000008003360
 *(.bss)
 .bss           0x0000000020000000        0x0 /tmp/ccW0OZtn.o
 .bss           0x0000000020000000       0x74 /tmp/ccoMotb2.o
                0x0000000020000004                Console
 .bss           0x0000000020000074        0x0 /tmp/ccaXuqsH.o
 .bss           0x0000000020000074        0x0 /tmp/ccCD9own.o
 .bss           0x0000000020000074        0x4 /tmp/ccSDKa14.o
 .bss           0x0000000020000078        0x0 /tmp/ccywSWSM.o
 .bss           0x0000000020000078        0x4 /tmp/ccnblQfx.o
 .bss           0x000000002000007c        0x0 /tmp/cc5sa0Wj.o
 .bss           0x000000002000007c        0x4 /tmp/ccPIer66.o
 .bss           0x0000000020000080        0x0 /tmp/cci4YxEU.o
 .bss           0x0000000020000080        0x0 /tmp/ccZm98HI.o
 .bss           0x0000000020000080        0x8 /tmp/cc43fXax.o
 .bss           0x0000000020000088        0x0 /usr/local/gcc-arm-none-eabi-8-2018-q4-major/bin/../lib/gcc/arm-none-eabi/8.2.1/thumb/v6-m/nofp/libgcc.a(_udivsi3.o)
 .bss           0x0000000020000088        0x0 /usr/local/gcc-arm-none-eabi-8-2018-q4-major/bin/../lib/gcc/arm-none-eabi/8.2.1/thumb/v6-m/nofp/libgcc.a(_divsi3.o)
 .bss           0x0000000020000088        0x0 /usr/local/gcc-arm-none-eabi-8-2018-q4-major/bin/../lib/gcc/arm-none-eabi/8.2.1/thumb/v6-m/nofp/libgcc.a(_dvmd_tls.o)
                0x0000000020000088                . = ALIGN (0x4)
                0x0000000020000088                BSS_END = .
OUTPUT(main.elf elf32-littlearm)

.debug_info     0x0000000000000000     0xb60e
 .debug_info    0x0000000000000000      0xf97 /tmp/ccW0OZtn.o
 .debug_info    0x0000000000000f97     0x1c9d /tmp/ccoMotb2.o
 .debug_info    0x0000000000002c34      0x59f /tmp/ccaXuqsH.o
 .debug_info    0x00000000000031d3      0xdfb /tmp/ccCD9own.o
 .debug_info    0x0000000000003fce      0xdf5 /tmp/ccSDKa14.o
 .debug_info    0x0000000000004dc3      0x3a6 /tmp/ccywSWSM.o
 .debug_info    0x0000000000005169     0x1f36 /tmp/ccnblQfx.o
 .debug_info    0x000000000000709f     0x25b5 /tmp/cc5sa0Wj.o
 .debug_info    0x0000000000009654      0x7cb /tmp/ccPIer66.o
 .debug_info    0x0000000000009e1f      0x3da /tmp/cci4YxEU.o
 .debug_info    0x000000000000a1f9     0x10e2 /tmp/ccZm98HI.o
 .debug_info    0x000000000000b2db      0x333 /tmp/cc43fXax.o

.debug_abbrev   0x0000000000000000     0x2169
 .debug_abbrev  0x0000000000000000      0x347 /tmp/ccW0OZtn.o
 .debug_abbrev  0x0000000000000347      0x439 /tmp/ccoMotb2.o
 .debug_abbrev  0x0000000000000780      0x1d6 /tmp/ccaXuqsH.o
 .debug_abbrev  0x0000000000000956      0x207 /tmp/ccCD9own.o
 .debug_abbrev  0x0000000000000b5d      0x3d3 /tmp/ccSDKa14.o
 .debug_abbrev  0x0000000000000f30      0x16a /tmp/ccywSWSM.o
 .debug_abbrev  0x000000000000109a      0x392 /tmp/ccnblQfx.o
 .debug_abbrev  0x000000000000142c      0x3f4 /tmp/cc5sa0Wj.o
 .debug_abbrev  0x0000000000001820      0x2bb /tmp/ccPIer66.o
 .debug_abbrev  0x0000000000001adb      0x166 /tmp/cci4YxEU.o
 .debug_abbrev  0x0000000000001c41      0x368 /tmp/ccZm98HI.o
 .debug_abbrev  0x0000000000001fa9      0x1c0 /tmp/cc43fXax.o

.debug_loc      0x0000000000000000     0x36fe
 .debug_loc     0x0000000000000000      0x2a3 /tmp/ccW0OZtn.o
 .debug_loc     0x00000000000002a3     0x1499 /tmp/ccoMotb2.o
 .debug_loc     0x000000000000173c       0x92 /tmp/ccaXuqsH.o
 .debug_loc     0x00000000000017ce      0x576 /tmp/ccCD9own.o
 .debug_loc     0x0000000000001d44      0x52c /tmp/ccSDKa14.o
 .debug_loc     0x0000000000002270      0x1f6 /tmp/ccywSWSM.o
 .debug_loc     0x0000000000002466      0x559 /tmp/ccnblQfx.o
 .debug_loc     0x00000000000029bf      0x6a4 /tmp/cc5sa0Wj.o
 .debug_loc     0x0000000000003063      0x185 /tmp/ccPIer66.o
 .debug_loc     0x00000000000031e8      0x174 /tmp/cci4YxEU.o
 .debug_loc     0x000000000000335c      0x230 /tmp/ccZm98HI.o
 .debug_loc     0x000000000000358c      0x172 /tmp/cc43fXax.o

.debug_aranges  0x0000000000000000      0x188
 .debug_aranges
                0x0000000000000000       0x20 /tmp/ccW0OZtn.o
 .debug_aranges
                0x0000000000000020       0x20 /tmp/ccoMotb2.o
 .debug_aranges
                0x0000000000000040       0x20 /tmp/ccaXuqsH.o
 .debug_aranges
                0x0000000000000060       0x20 /tmp/ccCD9own.o
 .debug_aranges
                0x0000000000000080       0x20 /tmp/ccSDKa14.o
 .debug_aranges
                0x00000000000000a0       0x20 /tmp/ccywSWSM.o
 .debug_aranges
                0x00000000000000c0       0x20 /tmp/ccnblQfx.o
 .debug_aranges
                0x00000000000000e0       0x28 /tmp/cc5sa0Wj.o
 .debug_aranges
                0x0000000000000108       0x20 /tmp/ccPIer66.o
 .debug_aranges
                0x0000000000000128       0x20 /tmp/cci4YxEU.o
 .debug_aranges
                0x0000000000000148       0x20 /tmp/ccZm98HI.o
 .debug_aranges
                0x0000000000000168       0x20 /tmp/cc43fXax.o

.debug_ranges   0x0000000000000000      0x140
 .debug_ranges  0x0000000000000000       0x20 /tmp/ccW0OZtn.o
 .debug_ranges  0x0000000000000020       0x20 /tmp/ccoMotb2.o
 .debug_ranges  0x0000000000000040       0x30 /tmp/ccSDKa14.o
 .debug_ranges  0x0000000000000070       0x28 /tmp/ccnblQfx.o
 .debug_ranges  0x0000000000000098       0x50 /tmp/cc5sa0Wj.o
 .debug_ranges  0x00000000000000e8       0x58 /tmp/cc43fXax.o

.debug_line     0x0000000000000000     0x39c6
 .debug_line    0x0000000000000000      0x23f /tmp/ccW0OZtn.o
 .debug_line    0x000000000000023f      0x764 /tmp/ccoMotb2.o
 .debug_line    0x00000000000009a3      0x289 /tmp/ccaXuqsH.o
 .debug_line    0x0000000000000c2c      0x43a /tmp/ccCD9own.o
 .debug_line    0x0000000000001066      0x692 /tmp/ccSDKa14.o
 .debug_line    0x00000000000016f8      0x279 /tmp/ccywSWSM.o
 .debug_line    0x0000000000001971      0x9e5 /tmp/ccnblQfx.o
 .debug_line    0x0000000000002356      0xba1 /tmp/cc5sa0Wj.o
 .debug_line    0x0000000000002ef7      0x28d /tmp/ccPIer66.o
 .debug_line    0x0000000000003184      0x277 /tmp/cci4YxEU.o
 .debug_line    0x00000000000033fb      0x362 /tmp/ccZm98HI.o
 .debug_line    0x000000000000375d      0x269 /tmp/cc43fXax.o

.debug_str      0x0000000000000000     0x1551
 .debug_str     0x0000000000000000      0xb37 /tmp/ccW0OZtn.o
                                        0xbc8 (size before relaxing)
 .debug_str     0x0000000000000b37      0x123 /tmp/ccoMotb2.o
                                        0xc32 (size before relaxing)
 .debug_str     0x0000000000000c5a       0xf3 /tmp/ccaXuqsH.o
                                        0x389 (size before relaxing)
 .debug_str     0x0000000000000d4d       0x5e /tmp/ccCD9own.o
                                        0x544 (size before relaxing)
 .debug_str     0x0000000000000dab      0x11b /tmp/ccSDKa14.o
                                        0x6bf (size before relaxing)
 .debug_str     0x0000000000000ec6      0x12a /tmp/ccywSWSM.o
                                        0x320 (size before relaxing)
 .debug_str     0x0000000000000ff0      0x2b0 /tmp/ccnblQfx.o
                                        0xddc (size before relaxing)
 .debug_str     0x00000000000012a0       0xea /tmp/cc5sa0Wj.o
                                        0xeb1 (size before relaxing)
 .debug_str     0x000000000000138a       0x8d /tmp/ccPIer66.o
                                        0x429 (size before relaxing)
 .debug_str     0x0000000000001417       0x4c /tmp/cci4YxEU.o
                                        0x302 (size before relaxing)
 .debug_str     0x0000000000001463       0x9b /tmp/ccZm98HI.o
                                        0xcc5 (size before relaxing)
 .debug_str     0x00000000000014fe       0x53 /tmp/cc43fXax.o
                                        0x26c (size before relaxing)

.debug_frame    0x0000000000000000      0x97c
 .debug_frame   0x0000000000000000       0xa0 /tmp/ccW0OZtn.o
 .debug_frame   0x00000000000000a0      0x1d0 /tmp/ccoMotb2.o
 .debug_frame   0x0000000000000270       0x58 /tmp/ccaXuqsH.o
 .debug_frame   0x00000000000002c8      0x13c /tmp/ccCD9own.o
 .debug_frame   0x0000000000000404      0x154 /tmp/ccSDKa14.o
 .debug_frame   0x0000000000000558       0x88 /tmp/ccywSWSM.o
 .debug_frame   0x00000000000005e0       0x68 /tmp/ccnblQfx.o
 .debug_frame   0x0000000000000648       0x9c /tmp/cc5sa0Wj.o
 .debug_frame   0x00000000000006e4       0x9c /tmp/ccPIer66.o
 .debug_frame   0x0000000000000780       0x60 /tmp/cci4YxEU.o
 .debug_frame   0x00000000000007e0       0xe0 /tmp/ccZm98HI.o
 .debug_frame   0x00000000000008c0       0x7c /tmp/cc43fXax.o
 .debug_frame   0x000000000000093c       0x20 /usr/local/gcc-arm-none-eabi-8-2018-q4-major/bin/../lib/gcc/arm-none-eabi/8.2.1/thumb/v6-m/nofp/libgcc.a(_udivsi3.o)
 .debug_frame   0x000000000000095c       0x20 /usr/local/gcc-arm-none-eabi-8-2018-q4-major/bin/../lib/gcc/arm-none-eabi/8.2.1/thumb/v6-m/nofp/libgcc.a(_divsi3.o)
