
Memory Configuration

Name             Origin             Length             Attributes
flash            0x0000000008000000 0x0000000000004000
ram              0x0000000020000000 0x0000000000001000
*default*        0x0000000000000000 0xffffffffffffffff

Linker script and memory map

LOAD /tmp/ccJ43VNb.o
LOAD /tmp/ccya15lN.o
LOAD /tmp/ccFdzp9p.o
LOAD /tmp/cchggQk3.o
LOAD /tmp/ccpGwOVG.o
LOAD /tmp/ccZVEyel.o
START GROUP
LOAD /usr/local/gcc-arm-none-eabi-8-2018-q4-major/bin/../lib/gcc/arm-none-eabi/8.2.1/thumb/v6-m/nofp/libgcc.a
LOAD /usr/local/gcc-arm-none-eabi-8-2018-q4-major/bin/../lib/gcc/arm-none-eabi/8.2.1/../../../../arm-none-eabi/lib/thumb/v6-m/nofp/libg.a
LOAD /usr/local/gcc-arm-none-eabi-8-2018-q4-major/bin/../lib/gcc/arm-none-eabi/8.2.1/../../../../arm-none-eabi/lib/thumb/v6-m/nofp/libc.a
END GROUP
                0x0000000008000000                . = ORIGIN (flash)

.text           0x0000000008000000      0xe48
 *(.vectors)
 .vectors       0x0000000008000000       0xb4 /tmp/ccJ43VNb.o
 *(.text)
 .text          0x00000000080000b4      0x1a4 /tmp/ccJ43VNb.o
                0x00000000080000b4                initClock()
                0x0000000008000158                init_array()
                0x00000000080001c8                init()
                0x0000000008000250                Default_Handler()
 .text          0x0000000008000258      0x12c /tmp/ccya15lN.o
                0x0000000008000258                delay(unsigned long)
                0x000000000800026a                setup()
                0x00000000080002a8                ShowRegisters()
 .text          0x0000000008000384      0x54c /tmp/ccFdzp9p.o
                0x00000000080003a0                nrf905::CELow()
                0x00000000080003bc                nrf905::CEHigh()
                0x00000000080003d8                nrf905::CSNLow()
                0x00000000080003e6                nrf905::CSNHigh()
                0x00000000080003f4                nrf905::TXEnHigh()
                0x000000000800040c                nrf905::TXEnLow()
                0x0000000008000424                nrf905::PwrHigh()
                0x0000000008000440                nrf905::PwrLow()
                0x000000000800045c                nrf905::readRegister(int)
                0x0000000008000484                nrf905::writeRegister(int, unsigned char)
                0x00000000080004a0                nrf905::getStatus()
                0x00000000080004ba                nrf905::readRXAddress(unsigned char*)
                0x00000000080004e8                nrf905::setRXAddress(unsigned char const*)
                0x0000000008000516                nrf905::readTXAddress(unsigned char*)
                0x0000000008000556                nrf905::setTXAddress(unsigned char const*)
                0x000000000800058e                nrf905::setChannel(int)
                0x00000000080005be                nrf905::setBand(int)
                0x00000000080005ea                nrf905::setAutoRetran(int)
                0x0000000008000616                nrf905::setTXPower(int)
                0x000000000800063a                nrf905::setRXLowPower(int)
                0x0000000008000660                nrf905::setRXAFW(int)
                0x0000000008000688                nrf905::begin(timer*, spi*, unsigned char*, unsigned char*, unsigned long)
                0x0000000008000774                nrf905::setTXAFW(int)
                0x000000000800079c                nrf905::writeTXPayload(unsigned char*, unsigned int)
                0x00000000080007d4                nrf905::readTXPayload(unsigned char*, unsigned int)
                0x0000000008000802                nrf905::readRXPayload(unsigned char*, unsigned int)
                0x0000000008000830                nrf905::DataReady()
                0x000000000800083c                nrf905::RXMode()
                0x000000000800084c                nrf905::LPMode()
                0x000000000800085c                nrf905::transmit(NRF905DataPacket*)
 .text          0x00000000080008d0       0xf8 /tmp/cchggQk3.o
                0x00000000080008d0                spi::begin()
                0x0000000008000948                spi::transferSPI(unsigned char)
                0x000000000800097c                spi::transferSPI(unsigned short)
 .text          0x00000000080009c8       0xc0 /tmp/ccpGwOVG.o
                0x00000000080009c8                timer::begin()
                0x0000000008000a00                timer::attach(void (*)())
                0x0000000008000a1e                timer::detach(void (*)())
                0x0000000008000a3e                timer::sleep(unsigned long)
                0x0000000008000a64                Systick_Handler()
 .text          0x0000000008000a88      0x240 /tmp/ccZVEyel.o
                0x0000000008000a88                uart::begin()
                0x0000000008000b2c                circular_buffer::put(unsigned char)
                0x0000000008000b60                uart::handle_rx()
                0x0000000008000b74                circular_buffer::get()
                0x0000000008000b9c                uart::egetc()
                0x0000000008000be0                uart::eputc(unsigned char)
                0x0000000008000be8                uart::print(char const*)
                0x0000000008000c00                uart::print(unsigned char)
                0x0000000008000c32                uart::print(unsigned short)
                0x0000000008000c48                uart::print(unsigned long)
                0x0000000008000c5e                uart::handle_tx()
                0x0000000008000c9c                USART1_Handler()
 *(.rodata)
 *(.comment)
 .comment       0x0000000008000cc8       0x75 /tmp/ccJ43VNb.o
                                         0x76 (size before relaxing)
 .comment       0x0000000008000d3d       0x76 /tmp/ccya15lN.o
 .comment       0x0000000008000d3d       0x76 /tmp/ccFdzp9p.o
 .comment       0x0000000008000d3d       0x76 /tmp/cchggQk3.o
 .comment       0x0000000008000d3d       0x76 /tmp/ccpGwOVG.o
 .comment       0x0000000008000d3d       0x76 /tmp/ccZVEyel.o
 *(.ARM.attributes)
 .ARM.attributes
                0x0000000008000d3d       0x2c /tmp/ccJ43VNb.o
 .ARM.attributes
                0x0000000008000d69       0x2c /tmp/ccya15lN.o
 .ARM.attributes
                0x0000000008000d95       0x2c /tmp/ccFdzp9p.o
 .ARM.attributes
                0x0000000008000dc1       0x2c /tmp/cchggQk3.o
 .ARM.attributes
                0x0000000008000ded       0x2c /tmp/ccpGwOVG.o
 .ARM.attributes
                0x0000000008000e19       0x2c /tmp/ccZVEyel.o
                0x0000000008000e48                . = ALIGN (0x4)
 *fill*         0x0000000008000e45        0x3 

.glue_7         0x0000000008000e48        0x0
 .glue_7        0x0000000008000e48        0x0 linker stubs

.glue_7t        0x0000000008000e48        0x0
 .glue_7t       0x0000000008000e48        0x0 linker stubs

.vfp11_veneer   0x0000000008000e48        0x0
 .vfp11_veneer  0x0000000008000e48        0x0 linker stubs

.v4_bx          0x0000000008000e48        0x0
 .v4_bx         0x0000000008000e48        0x0 linker stubs

.iplt           0x0000000008000e48        0x0
 .iplt          0x0000000008000e48        0x0 /tmp/ccJ43VNb.o

.text.startup   0x0000000008000e48       0x64
 .text.startup  0x0000000008000e48       0x64 /tmp/ccya15lN.o
                0x0000000008000e48                main

.rodata.str1.1  0x0000000008000eac       0x38
 .rodata.str1.1
                0x0000000008000eac       0x38 /tmp/ccya15lN.o
                                         0x3d (size before relaxing)

.rel.dyn        0x0000000008000ee4        0x0
 .rel.iplt      0x0000000008000ee4        0x0 /tmp/ccJ43VNb.o
                0x0000000020000000                . = ORIGIN (ram)

.data           0x0000000020000000        0x8 load address 0x0000000008000ee4
                0x0000000008000ee4                INIT_DATA_VALUES = LOADADDR (.data)
                0x0000000020000000                INIT_DATA_START = .
 *(.data)
 .data          0x0000000020000000        0x0 /tmp/ccJ43VNb.o
 .data          0x0000000020000000        0x8 /tmp/ccya15lN.o
                0x0000000020000000                RXAddr
                0x0000000020000004                TXAddr
 .data          0x0000000020000008        0x0 /tmp/ccFdzp9p.o
 .data          0x0000000020000008        0x0 /tmp/cchggQk3.o
 .data          0x0000000020000008        0x0 /tmp/ccpGwOVG.o
 .data          0x0000000020000008        0x0 /tmp/ccZVEyel.o
                0x0000000020000008                INIT_DATA_END = .
                0x0000000020000008                . = ALIGN (0x4)
                0x0000000020000008                BSS_START = .

.igot.plt       0x0000000020000008        0x0 load address 0x0000000008000eec
 .igot.plt      0x0000000020000008        0x0 /tmp/ccJ43VNb.o

.init_array     0x0000000020000008        0x4 load address 0x0000000008000eec
 .init_array    0x0000000020000008        0x4 /tmp/ccya15lN.o

.bss            0x000000002000000c       0x98 load address 0x0000000008000ef0
 *(.bss)
 .bss           0x000000002000000c        0x0 /tmp/ccJ43VNb.o
 .bss           0x000000002000000c       0x8c /tmp/ccya15lN.o
                0x000000002000000c                Timer
                0x000000002000002c                serial
                0x0000000020000084                SPI
                0x0000000020000088                NRF905
                0x0000000020000094                i
 .bss           0x0000000020000098        0x0 /tmp/ccFdzp9p.o
 .bss           0x0000000020000098        0x0 /tmp/cchggQk3.o
 .bss           0x0000000020000098        0x8 /tmp/ccpGwOVG.o
 .bss           0x00000000200000a0        0x4 /tmp/ccZVEyel.o
                0x00000000200000a4                . = ALIGN (0x4)
                0x00000000200000a4                BSS_END = .
OUTPUT(main.elf elf32-littlearm)

.debug_info     0x0000000000000000     0x40b5
 .debug_info    0x0000000000000000      0x3a6 /tmp/ccJ43VNb.o
 .debug_info    0x00000000000003a6      0xf89 /tmp/ccya15lN.o
 .debug_info    0x000000000000132f     0x1978 /tmp/ccFdzp9p.o
 .debug_info    0x0000000000002ca7      0x4ad /tmp/cchggQk3.o
 .debug_info    0x0000000000003154      0x333 /tmp/ccpGwOVG.o
 .debug_info    0x0000000000003487      0xc2e /tmp/ccZVEyel.o

.debug_abbrev   0x0000000000000000      0xec1
 .debug_abbrev  0x0000000000000000      0x16a /tmp/ccJ43VNb.o
 .debug_abbrev  0x000000000000016a      0x32e /tmp/ccya15lN.o
 .debug_abbrev  0x0000000000000498      0x345 /tmp/ccFdzp9p.o
 .debug_abbrev  0x00000000000007dd      0x1d0 /tmp/cchggQk3.o
 .debug_abbrev  0x00000000000009ad      0x1c0 /tmp/ccpGwOVG.o
 .debug_abbrev  0x0000000000000b6d      0x354 /tmp/ccZVEyel.o

.debug_loc      0x0000000000000000     0x1800
 .debug_loc     0x0000000000000000      0x1f6 /tmp/ccJ43VNb.o
 .debug_loc     0x00000000000001f6      0x1cc /tmp/ccya15lN.o
 .debug_loc     0x00000000000003c2      0xd63 /tmp/ccFdzp9p.o
 .debug_loc     0x0000000000001125       0xea /tmp/cchggQk3.o
 .debug_loc     0x000000000000120f      0x172 /tmp/ccpGwOVG.o
 .debug_loc     0x0000000000001381      0x47f /tmp/ccZVEyel.o

.debug_aranges  0x0000000000000000       0xd0
 .debug_aranges
                0x0000000000000000       0x20 /tmp/ccJ43VNb.o
 .debug_aranges
                0x0000000000000020       0x30 /tmp/ccya15lN.o
 .debug_aranges
                0x0000000000000050       0x20 /tmp/ccFdzp9p.o
 .debug_aranges
                0x0000000000000070       0x20 /tmp/cchggQk3.o
 .debug_aranges
                0x0000000000000090       0x20 /tmp/ccpGwOVG.o
 .debug_aranges
                0x00000000000000b0       0x20 /tmp/ccZVEyel.o

.debug_line     0x0000000000000000     0x1779
 .debug_line    0x0000000000000000      0x279 /tmp/ccJ43VNb.o
 .debug_line    0x0000000000000279      0x38c /tmp/ccya15lN.o
 .debug_line    0x0000000000000605      0x7fa /tmp/ccFdzp9p.o
 .debug_line    0x0000000000000dff      0x270 /tmp/cchggQk3.o
 .debug_line    0x000000000000106f      0x274 /tmp/ccpGwOVG.o
 .debug_line    0x00000000000012e3      0x496 /tmp/ccZVEyel.o

.debug_str      0x0000000000000000      0xcf6
 .debug_str     0x0000000000000000      0x2c3 /tmp/ccJ43VNb.o
                                        0x324 (size before relaxing)
 .debug_str     0x00000000000002c3      0x825 /tmp/ccya15lN.o
                                        0x9fc (size before relaxing)
 .debug_str     0x0000000000000ae8       0xa1 /tmp/ccFdzp9p.o
                                        0x824 (size before relaxing)
 .debug_str     0x0000000000000b89       0x5b /tmp/cchggQk3.o
                                        0x315 (size before relaxing)
 .debug_str     0x0000000000000be4       0x4c /tmp/ccpGwOVG.o
                                        0x270 (size before relaxing)
 .debug_str     0x0000000000000c30       0xc6 /tmp/ccZVEyel.o
                                        0x50e (size before relaxing)

.debug_frame    0x0000000000000000      0x664
 .debug_frame   0x0000000000000000       0x88 /tmp/ccJ43VNb.o
 .debug_frame   0x0000000000000088       0x94 /tmp/ccya15lN.o
 .debug_frame   0x000000000000011c      0x334 /tmp/ccFdzp9p.o
 .debug_frame   0x0000000000000450       0x54 /tmp/cchggQk3.o
 .debug_frame   0x00000000000004a4       0x7c /tmp/ccpGwOVG.o
 .debug_frame   0x0000000000000520      0x144 /tmp/ccZVEyel.o

.debug_ranges   0x0000000000000000      0x120
 .debug_ranges  0x0000000000000000       0x80 /tmp/ccya15lN.o
 .debug_ranges  0x0000000000000080       0x58 /tmp/ccpGwOVG.o
 .debug_ranges  0x00000000000000d8       0x48 /tmp/ccZVEyel.o
